Component: ARM Compiler 6.12 Tool: armlink [5d624300]

==============================================================================

Section Cross References

    main.o(.text.main) refers to stm32f1xx_hal.o(.text.HAL_Init) for HAL_Init
    main.o(.text.main) refers to main.o(.text.SystemClock_Config) for SystemClock_Config
    main.o(.text.main) refers to main.o(.text.LL_GPIO_AF_SetEXTISource) for LL_GPIO_AF_SetEXTISource
    main.o(.text.main) refers to stm32f1xx_ll_exti.o(.text.LL_EXTI_Init) for LL_EXTI_Init
    main.o(.text.main) refers to main.o(.text.LL_GPIO_SetPinMode) for LL_GPIO_SetPinMode
    main.o(.text.main) refers to main.o(.text.NVIC_EncodePriority) for NVIC_EncodePriority
    main.o(.text.main) refers to usb_device.o(.text.MX_USB_DEVICE_Init) for MX_USB_DEVICE_Init
    main.o(.text.main) refers to memseta.o(.text) for __aeabi_memclr4
    main.o(.text.main) refers to stm32f1xx_ll_tim.o(.text.LL_TIM_Init) for LL_TIM_Init
    main.o(.text.main) refers to delay.o(.text.delay_init) for delay_init
    main.o(.text.main) refers to oled.o(.text.OLED_Init) for OLED_Init
    main.o(.text.main) refers to delay.o(.text.delay_ms) for delay_ms
    main.o(.text.main) refers to oled.o(.text.Oled_Printf_U16) for Oled_Printf_U16
    main.o(.text.main) refers to main.o(.text.LL_APB2_GRP1_EnableClock) for LL_APB2_GRP1_EnableClock
    main.o(.text.main) refers to stm32f1xx_ll_gpio.o(.text.LL_GPIO_Init) for LL_GPIO_Init
    main.o(.text.main) refers to stm32f1xx_it.o(.bss..L_MergedGlobals) for CNT1
    main.o(.ARM.exidx.text.main) refers to main.o(.text.main) for [Anonymous Symbol]
    main.o(.text.SystemClock_Config) refers to stm32f1xx_hal_rcc.o(.text.HAL_RCC_OscConfig) for HAL_RCC_OscConfig
    main.o(.text.SystemClock_Config) refers to stm32f1xx_hal_rcc.o(.text.HAL_RCC_ClockConfig) for HAL_RCC_ClockConfig
    main.o(.text.SystemClock_Config) refers to stm32f1xx_hal_rcc_ex.o(.text.HAL_RCCEx_PeriphCLKConfig) for HAL_RCCEx_PeriphCLKConfig
    main.o(.ARM.exidx.text.SystemClock_Config) refers to main.o(.text.SystemClock_Config) for [Anonymous Symbol]
    main.o(.ARM.exidx.text.Error_Handler) refers to main.o(.text.Error_Handler) for [Anonymous Symbol]
    main.o(.ARM.exidx.text.NVIC_EncodePriority) refers to main.o(.text.NVIC_EncodePriority) for [Anonymous Symbol]
    main.o(.ARM.exidx.text.LL_APB2_GRP1_EnableClock) refers to main.o(.text.LL_APB2_GRP1_EnableClock) for [Anonymous Symbol]
    main.o(.ARM.exidx.text.LL_GPIO_AF_SetEXTISource) refers to main.o(.text.LL_GPIO_AF_SetEXTISource) for [Anonymous Symbol]
    main.o(.ARM.exidx.text.LL_GPIO_SetPinMode) refers to main.o(.text.LL_GPIO_SetPinMode) for [Anonymous Symbol]
    usb_device.o(.text.MX_USB_DEVICE_Init) refers to usbd_core.o(.text.USBD_Init) for USBD_Init
    usb_device.o(.text.MX_USB_DEVICE_Init) refers to main.o(.text.Error_Handler) for Error_Handler
    usb_device.o(.text.MX_USB_DEVICE_Init) refers to usbd_core.o(.text.USBD_RegisterClass) for USBD_RegisterClass
    usb_device.o(.text.MX_USB_DEVICE_Init) refers to usbd_cdc.o(.text.USBD_CDC_RegisterInterface) for USBD_CDC_RegisterInterface
    usb_device.o(.text.MX_USB_DEVICE_Init) refers to usbd_core.o(.text.USBD_Start) for USBD_Start
    usb_device.o(.text.MX_USB_DEVICE_Init) refers to usb_device.o(.bss.hUsbDeviceFS) for hUsbDeviceFS
    usb_device.o(.text.MX_USB_DEVICE_Init) refers to usbd_desc.o(.data.FS_Desc) for FS_Desc
    usb_device.o(.text.MX_USB_DEVICE_Init) refers to usbd_cdc.o(.data.USBD_CDC) for USBD_CDC
    usb_device.o(.text.MX_USB_DEVICE_Init) refers to usbd_cdc_if.o(.data.USBD_Interface_fops_FS) for USBD_Interface_fops_FS
    usb_device.o(.ARM.exidx.text.MX_USB_DEVICE_Init) refers to usb_device.o(.text.MX_USB_DEVICE_Init) for [Anonymous Symbol]
    usbd_conf.o(.text.HAL_PCD_MspInit) refers to stm32f1xx_hal_cortex.o(.text.HAL_NVIC_SetPriority) for HAL_NVIC_SetPriority
    usbd_conf.o(.text.HAL_PCD_MspInit) refers to stm32f1xx_hal_cortex.o(.text.HAL_NVIC_EnableIRQ) for HAL_NVIC_EnableIRQ
    usbd_conf.o(.ARM.exidx.text.HAL_PCD_MspInit) refers to usbd_conf.o(.text.HAL_PCD_MspInit) for [Anonymous Symbol]
    usbd_conf.o(.text.HAL_PCD_MspDeInit) refers to stm32f1xx_hal_cortex.o(.text.HAL_NVIC_DisableIRQ) for HAL_NVIC_DisableIRQ
    usbd_conf.o(.ARM.exidx.text.HAL_PCD_MspDeInit) refers to usbd_conf.o(.text.HAL_PCD_MspDeInit) for [Anonymous Symbol]
    usbd_conf.o(.text.HAL_PCD_SetupStageCallback) refers to usbd_core.o(.text.USBD_LL_SetupStage) for USBD_LL_SetupStage
    usbd_conf.o(.ARM.exidx.text.HAL_PCD_SetupStageCallback) refers to usbd_conf.o(.text.HAL_PCD_SetupStageCallback) for [Anonymous Symbol]
    usbd_conf.o(.text.HAL_PCD_DataOutStageCallback) refers to usbd_core.o(.text.USBD_LL_DataOutStage) for USBD_LL_DataOutStage
    usbd_conf.o(.ARM.exidx.text.HAL_PCD_DataOutStageCallback) refers to usbd_conf.o(.text.HAL_PCD_DataOutStageCallback) for [Anonymous Symbol]
    usbd_conf.o(.text.HAL_PCD_DataInStageCallback) refers to usbd_core.o(.text.USBD_LL_DataInStage) for USBD_LL_DataInStage
[...]
    ../clib/microlib/init/entry.s            0x00000000   Number         0  entry8a.o ABSOLUTE
    ../clib/microlib/init/entry.s            0x00000000   Number         0  entry8b.o ABSOLUTE
    ../clib/microlib/init/entry.s            0x00000000   Number         0  entry9a.o ABSOLUTE
    ../clib/microlib/init/entry.s            0x00000000   Number         0  entry9b.o ABSOLUTE
    ../clib/microlib/init/entry.s            0x00000000   Number         0  entry10a.o ABSOLUTE
    ../clib/microlib/init/entry.s            0x00000000   Number         0  entry10b.o ABSOLUTE
    ../clib/microlib/init/entry.s            0x00000000   Number         0  entry11a.o ABSOLUTE
    ../clib/microlib/init/entry.s            0x00000000   Number         0  entry11b.o ABSOLUTE
    ../clib/microlib/longlong.c              0x00000000   Number         0  llushr.o ABSOLUTE
    ../clib/microlib/string/memset.c         0x00000000   Number         0  memseta.o ABSOLUTE
    ../clib/microlib/stubs.s                 0x00000000   Number         0  iusefp.o ABSOLUTE
    ../fplib/microlib/fpadd.c                0x00000000   Number         0  fadd.o ABSOLUTE
    ../fplib/microlib/fpcmp.c                0x00000000   Number         0  fcmplt.o ABSOLUTE
    ../fplib/microlib/fpepilogue.c           0x00000000   Number         0  fepilogue.o ABSOLUTE
    ../fplib/microlib/fpfix.c                0x00000000   Number         0  ffixui.o ABSOLUTE
    ../fplib/microlib/fpflt.c                0x00000000   Number         0  ffltui.o ABSOLUTE
    ../fplib/microlib/fpmul.c                0x00000000   Number         0  fmul.o ABSOLUTE
    dc.s                                     0x00000000   Number         0  dc.o ABSOLUTE
    delay.c                                  0x00000000   Number         0  delay.o ABSOLUTE
    handlers.s                               0x00000000   Number         0  handlers.o ABSOLUTE
    init.s                                   0x00000000   Number         0  init.o ABSOLUTE
    main.c                                   0x00000000   Number         0  main.o ABSOLUTE
    measure.c                                0x00000000   Number         0  measure.o ABSOLUTE
    oled.c                                   0x00000000   Number         0  oled.o ABSOLUTE
    startup_stm32f103xb.s                    0x00000000   Number         0  startup_stm32f103xb.o ABSOLUTE
    stm32f1xx_hal.c                          0x00000000   Number         0  stm32f1xx_hal.o ABSOLUTE
    stm32f1xx_hal_cortex.c                   0x00000000   Number         0  stm32f1xx_hal_cortex.o ABSOLUTE
    stm32f1xx_hal_dma.c                      0x00000000   Number         0  stm32f1xx_hal_dma.o ABSOLUTE
    stm32f1xx_hal_flash.c                    0x00000000   Number         0  stm32f1xx_hal_flash.o ABSOLUTE
    stm32f1xx_hal_flash_ex.c                 0x00000000   Number         0  stm32f1xx_hal_flash_ex.o ABSOLUTE
    stm32f1xx_hal_gpio.c                     0x00000000   Number         0  stm32f1xx_hal_gpio.o ABSOLUTE
    stm32f1xx_hal_gpio_ex.c                  0x00000000   Number         0  stm32f1xx_hal_gpio_ex.o ABSOLUTE
    stm32f1xx_hal_msp.c                      0x00000000   Number         0  stm32f1xx_hal_msp.o ABSOLUTE
    stm32f1xx_hal_pcd.c                      0x00000000   Number         0  stm32f1xx_hal_pcd.o ABSOLUTE
    stm32f1xx_hal_pcd_ex.c                   0x00000000   Number         0  stm32f1xx_hal_pcd_ex.o ABSOLUTE
    stm32f1xx_hal_pwr.c                      0x00000000   Number         0  stm32f1xx_hal_pwr.o ABSOLUTE
    stm32f1xx_hal_rcc.c                      0x00000000   Number         0  stm32f1xx_hal_rcc.o ABSOLUTE
    stm32f1xx_hal_rcc_ex.c                   0x00000000   Number         0  stm32f1xx_hal_rcc_ex.o ABSOLUTE
    stm32f1xx_hal_tim.c                      0x00000000   Number         0  stm32f1xx_hal_tim.o ABSOLUTE
    stm32f1xx_hal_tim_ex.c                   0x00000000   Number         0  stm32f1xx_hal_tim_ex.o ABSOLUTE
    stm32f1xx_it.c                           0x00000000   Number         0  stm32f1xx_it.o ABSOLUTE
    stm32f1xx_ll_dma.c                       0x00000000   Number         0  stm32f1xx_ll_dma.o ABSOLUTE
    stm32f1xx_ll_exti.c                      0x00000000   Number         0  stm32f1xx_ll_exti.o ABSOLUTE
    stm32f1xx_ll_gpio.c                      0x00000000   Number         0  stm32f1xx_ll_gpio.o ABSOLUTE
    stm32f1xx_ll_rcc.c                       0x00000000   Number         0  stm32f1xx_ll_rcc.o ABSOLUTE
    stm32f1xx_ll_tim.c                       0x00000000   Number         0  stm32f1xx_ll_tim.o ABSOLUTE
    stm32f1xx_ll_usb.c                       0x00000000   Number         0  stm32f1xx_ll_usb.o ABSOLUTE
    stm32f1xx_ll_utils.c                     0x00000000   Number         0  stm32f1xx_ll_utils.o ABSOLUTE
    sys.c                                    0x00000000   Number         0  sys.o ABSOLUTE
    system_stm32f1xx.c                       0x00000000   Number         0  system_stm32f1xx.o ABSOLUTE
    usb_device.c                             0x00000000   Number         0  usb_device.o ABSOLUTE
    usbd_cdc.c                               0x00000000   Number         0  usbd_cdc.o ABSOLUTE
    usbd_cdc_if.c                            0x00000000   Number         0  usbd_cdc_if.o ABSOLUTE
    usbd_conf.c                              0x00000000   Number         0  usbd_conf.o ABSOLUTE
    usbd_core.c                              0x00000000   Number         0  usbd_core.o ABSOLUTE
    usbd_ctlreq.c                            0x00000000   Number         0  usbd_ctlreq.o ABSOLUTE
    usbd_desc.c                              0x00000000   Number         0  usbd_desc.o ABSOLUTE
    usbd_ioreq.c                             0x00000000   Number         0  usbd_ioreq.o ABSOLUTE
    RESET                                    0x08000000   Section      236  startup_stm32f103xb.o(RESET)
    .ARM.Collect$$$$00000000                 0x080000ec   Section        0  entry.o(.ARM.Collect$$$$00000000)
    .ARM.Collect$$$$00000001                 0x080000ec   Section        4  entry2.o(.ARM.Collect$$$$00000001)
    .ARM.Collect$$$$00000004                 0x080000f0   Section        4  entry5.o(.ARM.Collect$$$$00000004)
    .ARM.Collect$$$$00000008                 0x080000f4   Section        0  entry7b.o(.ARM.Collect$$$$00000008)
    .ARM.Collect$$$$0000000A                 0x080000f4   Section        0  entry8b.o(.ARM.Collect$$$$0000000A)
    .ARM.Collect$$$$0000000B                 0x080000f4   Section        8  entry9a.o(.ARM.Collect$$$$0000000B)
    __lit__00000000                          0x080000fc   Data           4  entry2.o(.ARM.Collect$$$$00002712)
    .ARM.Collect$$$$0000000D                 0x080000fc   Section        0  entry10a.o(.ARM.Collect$$$$0000000D)
    .ARM.Collect$$$$0000000F                 0x080000fc   Section        0  entry11a.o(.ARM.Collect$$$$0000000F)
    .ARM.Collect$$$$00002712                 0x080000fc   Section        4  entry2.o(.ARM.Collect$$$$00002712)
    .text                                    0x08000100   Section       36  startup_stm32f103xb.o(.text)
    .text                                    0x08000124   Section        0  memseta.o(.text)
    .text                                    0x08000148   Section       36  init.o(.text)
    .text                                    0x0800016c   Section        0  __dczerorl2.o(.text)
    [Anonymous Symbol]                       0x080001c2   Section        0  stm32f1xx_it.o(.text.BusFault_Handler)
    CDC_Control_FS                           0x080001c5   Thumb Code     4  usbd_cdc_if.o(.text.CDC_Control_FS)
    [Anonymous Symbol]                       0x080001c4   Section        0  usbd_cdc_if.o(.text.CDC_Control_FS)
    CDC_DeInit_FS                            0x080001c9   Thumb Code     4  usbd_cdc_if.o(.text.CDC_DeInit_FS)
    [Anonymous Symbol]                       0x080001c8   Section        0  usbd_cdc_if.o(.text.CDC_DeInit_FS)
    CDC_Init_FS                              0x080001cd   Thumb Code    40  usbd_cdc_if.o(.text.CDC_Init_FS)
    [Anonymous Symbol]                       0x080001cc   Section        0  usbd_cdc_if.o(.text.CDC_Init_FS)
    __arm_cp.0_1                             0x080001e8   Number         4  usbd_cdc_if.o(.text.CDC_Init_FS)
    __arm_cp.0_2                             0x080001ec   Number         4  usbd_cdc_if.o(.text.CDC_Init_FS)
    CDC_Receive_FS                           0x080001f1   Thumb Code    28  usbd_cdc_if.o(.text.CDC_Receive_FS)
    [Anonymous Symbol]                       0x080001f0   Section        0  usbd_cdc_if.o(.text.CDC_Receive_FS)
    __arm_cp.3_0                             0x08000208   Number         4  usbd_cdc_if.o(.text.CDC_Receive_FS)
    [Anonymous Symbol]                       0x0800020c   Section        0  stm32f1xx_it.o(.text.DebugMon_Handler)
    [Anonymous Symbol]                       0x08000210   Section        0  stm32f1xx_it.o(.text.EXTI15_10_IRQHandler)
    __arm_cp.11_0                            0x0800028c   Number         4  stm32f1xx_it.o(.text.EXTI15_10_IRQHandler)
    __arm_cp.11_1                            0x08000290   Number         4  stm32f1xx_it.o(.text.EXTI15_10_IRQHandler)
    __arm_cp.11_2                            0x08000294   Number         4  stm32f1xx_it.o(.text.EXTI15_10_IRQHandler)
    [Anonymous Symbol]                       0x08000298   Section        0  main.o(.text.Error_Handler)
    [Anonymous Symbol]                       0x0800029c   Section        0  stm32f1xx_hal.o(.text.HAL_GetTick)
    [Anonymous Symbol]                       0x080002a4   Section        0  stm32f1xx_hal.o(.text.HAL_IncTick)
    __arm_cp.5_1                             0x080002b4   Number         4  stm32f1xx_hal.o(.text.HAL_IncTick)
    [Anonymous Symbol]                       0x080002b8   Section        0  stm32f1xx_hal.o(.text.HAL_Init)
    __arm_cp.0_0                             0x080002d8   Number         4  stm32f1xx_hal.o(.text.HAL_Init)
    [Anonymous Symbol]                       0x080002dc   Section        0  stm32f1xx_hal.o(.text.HAL_InitTick)
    __arm_cp.1_0                             0x08000314   Number         4  stm32f1xx_hal.o(.text.HAL_InitTick)
    __arm_cp.1_1                             0x08000318   Number         4  stm32f1xx_hal.o(.text.HAL_InitTick)
    [Anonymous Symbol]                       0x0800031c   Section        0  stm32f1xx_hal_msp.o(.text.HAL_MspInit)
    __arm_cp.0_0                             0x08000354   Number         4  stm32f1xx_hal_msp.o(.text.HAL_MspInit)
    __arm_cp.0_1                             0x08000358   Number         4  stm32f1xx_hal_msp.o(.text.HAL_MspInit)
    [Anonymous Symbol]                       0x0800035c   Section        0  stm32f1xx_hal_cortex.o(.text.HAL_NVIC_EnableIRQ)
    __arm_cp.3_0                             0x08000370   Number         4  stm32f1xx_hal_cortex.o(.text.HAL_NVIC_EnableIRQ)
    [Anonymous Symbol]                       0x08000374   Section        0  stm32f1xx_hal_cortex.o(.text.HAL_NVIC_SetPriority)
    [Anonymous Symbol]                       0x080003b0   Section        0  stm32f1xx_hal_cortex.o(.text.HAL_NVIC_SetPriorityGrouping)
    __arm_cp.0_0                             0x080003c8   Number         4  stm32f1xx_hal_cortex.o(.text.HAL_NVIC_SetPriorityGrouping)
    __arm_cp.0_1                             0x080003cc   Number         4  stm32f1xx_hal_cortex.o(.text.HAL_NVIC_SetPriorityGrouping)
    [Anonymous Symbol]                       0x080003d0   Section        0  stm32f1xx_hal_pcd_ex.o(.text.HAL_PCDEx_PMAConfig)
    [Anonymous Symbol]                       0x08000402   Section        0  usbd_conf.o(.text.HAL_PCDEx_SetConnectionState)
    [Anonymous Symbol]                       0x08000404   Section        0  usbd_conf.o(.text.HAL_PCD_DataInStageCallback)
    [Anonymous Symbol]                       0x08000412   Section        0  usbd_conf.o(.text.HAL_PCD_DataOutStageCallback)
    [Anonymous Symbol]                       0x08000422   Section        0  stm32f1xx_hal_pcd.o(.text.HAL_PCD_EP_Close)
    [Anonymous Symbol]                       0x08000466   Section        0  stm32f1xx_hal_pcd.o(.text.HAL_PCD_EP_ClrStall)
    [Anonymous Symbol]                       0x080004b0   Section        0  stm32f1xx_hal_pcd.o(.text.HAL_PCD_EP_GetRxCount)
    [Anonymous Symbol]                       0x080004be   Section        0  stm32f1xx_hal_pcd.o(.text.HAL_PCD_EP_Open)
    [Anonymous Symbol]                       0x08000504   Section        0  stm32f1xx_hal_pcd.o(.text.HAL_PCD_EP_Receive)
    [Anonymous Symbol]                       0x08000530   Section        0  stm32f1xx_hal_pcd.o(.text.HAL_PCD_EP_SetStall)
    [Anonymous Symbol]                       0x08000582   Section        0  stm32f1xx_hal_pcd.o(.text.HAL_PCD_EP_Transmit)
    [Anonymous Symbol]                       0x080005aa   Section        0  stm32f1xx_hal_pcd.o(.text.HAL_PCD_IRQHandler)
    [Anonymous Symbol]                       0x08000a20   Section        0  stm32f1xx_hal_pcd.o(.text.HAL_PCD_Init)
    [Anonymous Symbol]                       0x08000af0   Section        0  usbd_conf.o(.text.HAL_PCD_MspInit)
    __arm_cp.0_0                             0x08000b24   Number         4  usbd_conf.o(.text.HAL_PCD_MspInit)
    __arm_cp.0_1                             0x08000b28   Number         4  usbd_conf.o(.text.HAL_PCD_MspInit)
    [Anonymous Symbol]                       0x08000b2c   Section        0  usbd_conf.o(.text.HAL_PCD_ResetCallback)
    [Anonymous Symbol]                       0x08000b50   Section        0  usbd_conf.o(.text.HAL_PCD_ResumeCallback)
    [Anonymous Symbol]                       0x08000b58   Section        0  usbd_conf.o(.text.HAL_PCD_SOFCallback)
    [Anonymous Symbol]                       0x08000b60   Section        0  stm32f1xx_hal_pcd.o(.text.HAL_PCD_SetAddress)
    [Anonymous Symbol]                       0x08000b88   Section        0  usbd_conf.o(.text.HAL_PCD_SetupStageCallback)
    [Anonymous Symbol]                       0x08000b96   Section        0  stm32f1xx_hal_pcd.o(.text.HAL_PCD_Start)
    [Anonymous Symbol]                       0x08000bc8   Section        0  usbd_conf.o(.text.HAL_PCD_SuspendCallback)
    __arm_cp.7_0                             0x08000be4   Number         4  usbd_conf.o(.text.HAL_PCD_SuspendCallback)
    [Anonymous Symbol]                       0x08000be8   Section        0  stm32f1xx_hal_rcc_ex.o(.text.HAL_RCCEx_PeriphCLKConfig)
    __arm_cp.0_1                             0x08000cd0   Number         4  stm32f1xx_hal_rcc_ex.o(.text.HAL_RCCEx_PeriphCLKConfig)
    __arm_cp.0_2                             0x08000cd4   Number         4  stm32f1xx_hal_rcc_ex.o(.text.HAL_RCCEx_PeriphCLKConfig)
    [Anonymous Symbol]                       0x08000cd8   Section        0  stm32f1xx_hal_rcc.o(.text.HAL_RCC_ClockConfig)
    __arm_cp.2_0                             0x08000e28   Number         4  stm32f1xx_hal_rcc.o(.text.HAL_RCC_ClockConfig)
    __arm_cp.2_2                             0x08000e2c   Number         4  stm32f1xx_hal_rcc.o(.text.HAL_RCC_ClockConfig)
    [Anonymous Symbol]                       0x08000e30   Section        0  stm32f1xx_hal_rcc.o(.text.HAL_RCC_GetSysClockFreq)
    __arm_cp.3_0                             0x08000e68   Number         4  stm32f1xx_hal_rcc.o(.text.HAL_RCC_GetSysClockFreq)
    __arm_cp.3_1                             0x08000e6c   Number         4  stm32f1xx_hal_rcc.o(.text.HAL_RCC_GetSysClockFreq)
    __arm_cp.3_4                             0x08000e84   Number         4  stm32f1xx_hal_rcc.o(.text.HAL_RCC_GetSysClockFreq)
    [Anonymous Symbol]                       0x08000e88   Section        0  stm32f1xx_hal_rcc.o(.text.HAL_RCC_OscConfig)
    __arm_cp.1_0                             0x08001174   Number         4  stm32f1xx_hal_rcc.o(.text.HAL_RCC_OscConfig)
    __arm_cp.1_1                             0x08001178   Number         4  stm32f1xx_hal_rcc.o(.text.HAL_RCC_OscConfig)
    __arm_cp.1_2                             0x0800117c   Number         4  stm32f1xx_hal_rcc.o(.text.HAL_RCC_OscConfig)
    __arm_cp.1_3                             0x08001180   Number         4  stm32f1xx_hal_rcc.o(.text.HAL_RCC_OscConfig)
    [Anonymous Symbol]                       0x08001184   Section        0  stm32f1xx_hal_cortex.o(.text.HAL_SYSTICK_CLKSourceConfig)
    [Anonymous Symbol]                       0x08001198   Section        0  stm32f1xx_hal_cortex.o(.text.HAL_SYSTICK_Config)
    __arm_cp.7_0                             0x080011b8   Number         4  stm32f1xx_hal_cortex.o(.text.HAL_SYSTICK_Config)
    __arm_cp.7_1                             0x080011bc   Number         4  stm32f1xx_hal_cortex.o(.text.HAL_SYSTICK_Config)
    [Anonymous Symbol]                       0x080011c0   Section        0  stm32f1xx_it.o(.text.HardFault_Handler)
    [Anonymous Symbol]                       0x080011c4   Section        0  oled.o(.text.IIC_Start)
    [Anonymous Symbol]                       0x080011e4   Section        0  oled.o(.text.IIC_Stop)
    __arm_cp.1_0                             0x08001204   Number         4  oled.o(.text.IIC_Stop)
    __arm_cp.1_1                             0x08001208   Number         4  oled.o(.text.IIC_Stop)
    IntToUnicode                             0x0800120d   Thumb Code    54  usbd_desc.o(.text.IntToUnicode)
    [Anonymous Symbol]                       0x0800120c   Section        0  usbd_desc.o(.text.IntToUnicode)
    LL_APB2_GRP1_EnableClock                 0x08001245   Thumb Code    28  main.o(.text.LL_APB2_GRP1_EnableClock)
    [Anonymous Symbol]                       0x08001244   Section        0  main.o(.text.LL_APB2_GRP1_EnableClock)
    __arm_cp.4_0                             0x0800125c   Number         4  main.o(.text.LL_APB2_GRP1_EnableClock)
    [Anonymous Symbol]                       0x08001260   Section        0  stm32f1xx_ll_exti.o(.text.LL_EXTI_Init)
    __arm_cp.1_0                             0x080012e8   Number         4  stm32f1xx_ll_exti.o(.text.LL_EXTI_Init)
    LL_GPIO_AF_SetEXTISource                 0x080012ed   Thumb Code    44  main.o(.text.LL_GPIO_AF_SetEXTISource)
    [Anonymous Symbol]                       0x080012ec   Section        0  main.o(.text.LL_GPIO_AF_SetEXTISource)
    __arm_cp.5_0                             0x08001314   Number         4  main.o(.text.LL_GPIO_AF_SetEXTISource)
    [Anonymous Symbol]                       0x08001318   Section        0  stm32f1xx_ll_gpio.o(.text.LL_GPIO_Init)
    LL_GPIO_SetPinMode                       0x08001405   Thumb Code    56  main.o(.text.LL_GPIO_SetPinMode)
    [Anonymous Symbol]                       0x08001404   Section        0  main.o(.text.LL_GPIO_SetPinMode)
    __arm_cp.6_0                             0x08001438   Number         4  main.o(.text.LL_GPIO_SetPinMode)
    [Anonymous Symbol]                       0x0800143c   Section        0  stm32f1xx_ll_tim.o(.text.LL_TIM_Init)
    __arm_cp.2_0                             0x08001488   Number         4  stm32f1xx_ll_tim.o(.text.LL_TIM_Init)
    __arm_cp.2_1                             0x0800148c   Number         4  stm32f1xx_ll_tim.o(.text.LL_TIM_Init)
    __arm_cp.2_2                             0x08001490   Number         4  stm32f1xx_ll_tim.o(.text.LL_TIM_Init)
    [Anonymous Symbol]                       0x08001494   Section        0  usb_device.o(.text.MX_USB_DEVICE_Init)
    __arm_cp.0_0                             0x080014d8   Number         4  usb_device.o(.text.MX_USB_DEVICE_Init)
    __arm_cp.0_1                             0x080014dc   Number         4  usb_device.o(.text.MX_USB_DEVICE_Init)
    __arm_cp.0_2                             0x080014e0   Number         4  usb_device.o(.text.MX_USB_DEVICE_Init)
    __arm_cp.0_3                             0x080014e4   Number         4  usb_device.o(.text.MX_USB_DEVICE_Init)
    [Anonymous Symbol]                       0x080014e8   Section        0  stm32f1xx_it.o(.text.MemManage_Handler)
    [Anonymous Symbol]                       0x080014ea   Section        0  stm32f1xx_it.o(.text.NMI_Handler)
    NVIC_EncodePriority                      0x080014ed   Thumb Code    36  main.o(.text.NVIC_EncodePriority)
    [Anonymous Symbol]                       0x080014ec   Section        0  main.o(.text.NVIC_EncodePriority)
    NVIC_SetPriority                         0x08001511   Thumb Code    36  stm32f1xx_hal_cortex.o(.text.NVIC_SetPriority)
    [Anonymous Symbol]                       0x08001510   Section        0  stm32f1xx_hal_cortex.o(.text.NVIC_SetPriority)
    __arm_cp.2_0                             0x0800152c   Number         4  stm32f1xx_hal_cortex.o(.text.NVIC_SetPriority)
    __arm_cp.2_1                             0x08001530   Number         4  stm32f1xx_hal_cortex.o(.text.NVIC_SetPriority)
    [Anonymous Symbol]                       0x08001534   Section        0  oled.o(.text.OLED_Fill)
    [Anonymous Symbol]                       0x0800156c   Section        0  oled.o(.text.OLED_Init)
    [Anonymous Symbol]                       0x080015f4   Section        0  oled.o(.text.OLED_P6x8Str)
    __arm_cp.11_0                            0x08001660   Number         4  oled.o(.text.OLED_P6x8Str)
    [Anonymous Symbol]                       0x08001664   Section        0  oled.o(.text.OLED_P8x16Str)
    __arm_cp.12_0                            0x08001704   Number         4  oled.o(.text.OLED_P8x16Str)
    [Anonymous Symbol]                       0x08001708   Section        0  oled.o(.text.OLED_Set_Pos)
    __arm_cp.5_0                             0x0800172c   Number         4  oled.o(.text.OLED_Set_Pos)
    [Anonymous Symbol]                       0x08001730   Section        0  oled.o(.text.OLED_WrCmd)
    [Anonymous Symbol]                       0x08001750   Section        0  oled.o(.text.OLED_WrDat)
    __arm_cp.3_0                             0x08001770   Number         4  oled.o(.text.OLED_WrDat)
    [Anonymous Symbol]                       0x08001774   Section        0  oled.o(.text.Oled_Printf_U16)
    [Anonymous Symbol]                       0x0800183a   Section        0  stm32f1xx_it.o(.text.PendSV_Handler)
    [Anonymous Symbol]                       0x0800183c   Section        0  stm32f1xx_it.o(.text.SVC_Handler)
    [Anonymous Symbol]                       0x0800183e   Section        0  stm32f1xx_it.o(.text.SysTick_Handler)
    [Anonymous Symbol]                       0x08001842   Section        0  main.o(.text.SystemClock_Config)
    [Anonymous Symbol]                       0x0800189c   Section        0  system_stm32f1xx.o(.text.SystemInit)
    __arm_cp.0_0                             0x080018d8   Number         4  system_stm32f1xx.o(.text.SystemInit)
    __arm_cp.0_1                             0x080018dc   Number         4  system_stm32f1xx.o(.text.SystemInit)
    __arm_cp.0_2                             0x080018e0   Number         4  system_stm32f1xx.o(.text.SystemInit)
    __arm_cp.0_3                             0x080018e4   Number         4  system_stm32f1xx.o(.text.SystemInit)
    [Anonymous Symbol]                       0x080018e8   Section        0  stm32f1xx_it.o(.text.TIM2_IRQHandler)
    USBD_CDC_DataIn                          0x080018eb   Thumb Code    18  usbd_cdc.o(.text.USBD_CDC_DataIn)
    [Anonymous Symbol]                       0x080018ea   Section        0  usbd_cdc.o(.text.USBD_CDC_DataIn)
    USBD_CDC_DataOut                         0x080018fd   Thumb Code    46  usbd_cdc.o(.text.USBD_CDC_DataOut)
    [Anonymous Symbol]                       0x080018fc   Section        0  usbd_cdc.o(.text.USBD_CDC_DataOut)
    USBD_CDC_DeInit                          0x0800192d   Thumb Code    60  usbd_cdc.o(.text.USBD_CDC_DeInit)
    [Anonymous Symbol]                       0x0800192c   Section        0  usbd_cdc.o(.text.USBD_CDC_DeInit)
    __arm_cp.1_0                             0x08001964   Number         4  usbd_cdc.o(.text.USBD_CDC_DeInit)
    USBD_CDC_EP0_RxReady                     0x08001969   Thumb Code    40  usbd_cdc.o(.text.USBD_CDC_EP0_RxReady)
    [Anonymous Symbol]                       0x08001968   Section        0  usbd_cdc.o(.text.USBD_CDC_EP0_RxReady)
    [Anonymous Symbol]                       0x08001990   Section        0  usbd_cdc.o(.text.USBD_CDC_GetDeviceQualifierDescriptor)
    __arm_cp.9_0                             0x08001998   Number         4  usbd_cdc.o(.text.USBD_CDC_GetDeviceQualifierDescriptor)
    USBD_CDC_GetFSCfgDesc                    0x0800199d   Thumb Code    12  usbd_cdc.o(.text.USBD_CDC_GetFSCfgDesc)
    [Anonymous Symbol]                       0x0800199c   Section        0  usbd_cdc.o(.text.USBD_CDC_GetFSCfgDesc)
    __arm_cp.7_0                             0x080019a4   Number         4  usbd_cdc.o(.text.USBD_CDC_GetFSCfgDesc)
    USBD_CDC_GetHSCfgDesc                    0x080019a9   Thumb Code    12  usbd_cdc.o(.text.USBD_CDC_GetHSCfgDesc)
    [Anonymous Symbol]                       0x080019a8   Section        0  usbd_cdc.o(.text.USBD_CDC_GetHSCfgDesc)
    __arm_cp.6_0                             0x080019b0   Number         4  usbd_cdc.o(.text.USBD_CDC_GetHSCfgDesc)
    USBD_CDC_GetOtherSpeedCfgDesc            0x080019b5   Thumb Code    12  usbd_cdc.o(.text.USBD_CDC_GetOtherSpeedCfgDesc)
    [Anonymous Symbol]                       0x080019b4   Section        0  usbd_cdc.o(.text.USBD_CDC_GetOtherSpeedCfgDesc)
    __arm_cp.8_0                             0x080019bc   Number         4  usbd_cdc.o(.text.USBD_CDC_GetOtherSpeedCfgDesc)
    USBD_CDC_Init                            0x080019c1   Thumb Code   138  usbd_cdc.o(.text.USBD_CDC_Init)
    [Anonymous Symbol]                       0x080019c0   Section        0  usbd_cdc.o(.text.USBD_CDC_Init)
    [Anonymous Symbol]                       0x08001a4a   Section        0  usbd_cdc.o(.text.USBD_CDC_ReceivePacket)
    [Anonymous Symbol]                       0x08001a72   Section        0  usbd_cdc.o(.text.USBD_CDC_RegisterInterface)
    [Anonymous Symbol]                       0x08001a80   Section        0  usbd_cdc.o(.text.USBD_CDC_SetRxBuffer)
    [Anonymous Symbol]                       0x08001a8c   Section        0  usbd_cdc.o(.text.USBD_CDC_SetTxBuffer)
    USBD_CDC_Setup                           0x08001a9d   Thumb Code   112  usbd_cdc.o(.text.USBD_CDC_Setup)
    [Anonymous Symbol]                       0x08001a9c   Section        0  usbd_cdc.o(.text.USBD_CDC_Setup)
    __arm_cp.2_0                             0x08001b08   Number         4  usbd_cdc.o(.text.USBD_CDC_Setup)
    [Anonymous Symbol]                       0x08001b0c   Section        0  usbd_core.o(.text.USBD_ClrClassConfig)
    [Anonymous Symbol]                       0x08001b1a   Section        0  usbd_ioreq.o(.text.USBD_CtlContinueRx)
    [Anonymous Symbol]                       0x08001b2a   Section        0  usbd_ioreq.o(.text.USBD_CtlContinueSendData)
    [Anonymous Symbol]                       0x08001b3a   Section        0  usbd_ctlreq.o(.text.USBD_CtlError)
    [Anonymous Symbol]                       0x08001b50   Section        0  usbd_ioreq.o(.text.USBD_CtlPrepareRx)
    [Anonymous Symbol]                       0x08001b6a   Section        0  usbd_ioreq.o(.text.USBD_CtlReceiveStatus)
    [Anonymous Symbol]                       0x08001b80   Section        0  usbd_ioreq.o(.text.USBD_CtlSendData)
    [Anonymous Symbol]                       0x08001b9a   Section        0  usbd_ioreq.o(.text.USBD_CtlSendStatus)
    [Anonymous Symbol]                       0x08001bb0   Section        0  usbd_desc.o(.text.USBD_FS_ConfigStrDescriptor)
    [Anonymous Symbol]                       0x08001bd0   Section        0  usbd_desc.o(.text.USBD_FS_DeviceDescriptor)
    __arm_cp.0_0                             0x08001bd8   Number         4  usbd_desc.o(.text.USBD_FS_DeviceDescriptor)
    [Anonymous Symbol]                       0x08001bdc   Section        0  usbd_desc.o(.text.USBD_FS_InterfaceStrDescriptor)
    [Anonymous Symbol]                       0x08001c00   Section        0  usbd_desc.o(.text.USBD_FS_LangIDStrDescriptor)
    __arm_cp.1_0                             0x08001c08   Number         4  usbd_desc.o(.text.USBD_FS_LangIDStrDescriptor)
    [Anonymous Symbol]                       0x08001c0c   Section        0  usbd_desc.o(.text.USBD_FS_ManufacturerStrDescriptor)
    [Anonymous Symbol]                       0x08001c34   Section        0  usbd_desc.o(.text.USBD_FS_ProductStrDescriptor)
    __arm_cp.3_1                             0x08001c60   Number         4  usbd_desc.o(.text.USBD_FS_ProductStrDescriptor)
    [Anonymous Symbol]                       0x08001c64   Section        0  usbd_desc.o(.text.USBD_FS_SerialStrDescriptor)
    __arm_cp.4_0                             0x08001c94   Number         4  usbd_desc.o(.text.USBD_FS_SerialStrDescriptor)
    __arm_cp.4_1                             0x08001c98   Number         4  usbd_desc.o(.text.USBD_FS_SerialStrDescriptor)
    [Anonymous Symbol]                       0x08001c9c   Section        0  usbd_ctlreq.o(.text.USBD_GetString)
    USBD_Get_USB_Status                      0x08001cf9   Thumb Code    24  usbd_conf.o(.text.USBD_Get_USB_Status)
    [Anonymous Symbol]                       0x08001cf8   Section        0  usbd_conf.o(.text.USBD_Get_USB_Status)
    __arm_cp.15_0                            0x08001d0c   Number         4  usbd_conf.o(.text.USBD_Get_USB_Status)
    [Anonymous Symbol]                       0x08001d10   Section        0  usbd_core.o(.text.USBD_Init)
    [Anonymous Symbol]                       0x08001d3a   Section        0  usbd_conf.o(.text.USBD_LL_ClearStallEP)
    [Anonymous Symbol]                       0x08001d4c   Section        0  usbd_conf.o(.text.USBD_LL_CloseEP)
    [Anonymous Symbol]                       0x08001d5e   Section        0  usbd_core.o(.text.USBD_LL_DataInStage)
    [Anonymous Symbol]                       0x08001e00   Section        0  usbd_core.o(.text.USBD_LL_DataOutStage)
    [Anonymous Symbol]                       0x08001e64   Section        0  usbd_conf.o(.text.USBD_LL_GetRxDataSize)
    [Anonymous Symbol]                       0x08001e70   Section        0  usbd_conf.o(.text.USBD_LL_Init)
    __arm_cp.13_0                            0x08001ee4   Number         4  usbd_conf.o(.text.USBD_LL_Init)
    __arm_cp.13_1                            0x08001ee8   Number         4  usbd_conf.o(.text.USBD_LL_Init)
    __arm_cp.13_2                            0x08001eec   Number         4  usbd_conf.o(.text.USBD_LL_Init)
    [Anonymous Symbol]                       0x08001ef0   Section        0  usbd_conf.o(.text.USBD_LL_IsStallEP)
    [Anonymous Symbol]                       0x08001f0c   Section        0  usbd_conf.o(.text.USBD_LL_OpenEP)
    [Anonymous Symbol]                       0x08001f24   Section        0  usbd_conf.o(.text.USBD_LL_PrepareReceive)
    [Anonymous Symbol]                       0x08001f36   Section        0  usbd_core.o(.text.USBD_LL_Reset)
    [Anonymous Symbol]                       0x08001f74   Section        0  usbd_core.o(.text.USBD_LL_Resume)
    [Anonymous Symbol]                       0x08001f80   Section        0  usbd_core.o(.text.USBD_LL_SOF)
    [Anonymous Symbol]                       0x08001f9c   Section        0  usbd_core.o(.text.USBD_LL_SetSpeed)
    [Anonymous Symbol]                       0x08001fa2   Section        0  usbd_conf.o(.text.USBD_LL_SetUSBAddress)
    [Anonymous Symbol]                       0x08001fb4   Section        0  usbd_core.o(.text.USBD_LL_SetupStage)
    [Anonymous Symbol]                       0x0800200a   Section        0  usbd_conf.o(.text.USBD_LL_StallEP)
    [Anonymous Symbol]                       0x0800201c   Section        0  usbd_conf.o(.text.USBD_LL_Start)
    [Anonymous Symbol]                       0x0800202e   Section        0  usbd_core.o(.text.USBD_LL_Suspend)
    [Anonymous Symbol]                       0x08002040   Section        0  usbd_conf.o(.text.USBD_LL_Transmit)
    [Anonymous Symbol]                       0x08002052   Section        0  usbd_ctlreq.o(.text.USBD_ParseSetupRequest)
    [Anonymous Symbol]                       0x08002068   Section        0  usbd_core.o(.text.USBD_RegisterClass)
    [Anonymous Symbol]                       0x08002076   Section        0  usbd_core.o(.text.USBD_SetClassConfig)
    [Anonymous Symbol]                       0x08002090   Section        0  usbd_core.o(.text.USBD_Start)
    [Anonymous Symbol]                       0x0800209c   Section        0  usbd_ctlreq.o(.text.USBD_StdDevReq)
    __arm_cp.0_0                             0x080022c8   Number         4  usbd_ctlreq.o(.text.USBD_StdDevReq)
    [Anonymous Symbol]                       0x080022cc   Section        0  usbd_ctlreq.o(.text.USBD_StdEPReq)
    [Anonymous Symbol]                       0x0800239e   Section        0  usbd_ctlreq.o(.text.USBD_StdItfReq)
    [Anonymous Symbol]                       0x080023d8   Section        0  usbd_conf.o(.text.USBD_static_free)
    [Anonymous Symbol]                       0x080023dc   Section        0  usbd_conf.o(.text.USBD_static_malloc)
    __arm_cp.29_0                            0x080023e0   Number         4  usbd_conf.o(.text.USBD_static_malloc)
    [Anonymous Symbol]                       0x080023e4   Section        0  stm32f1xx_ll_usb.o(.text.USB_ActivateEndpoint)
    [Anonymous Symbol]                       0x080025f6   Section        0  stm32f1xx_ll_usb.o(.text.USB_CoreInit)
    [Anonymous Symbol]                       0x080025fa   Section        0  stm32f1xx_ll_usb.o(.text.USB_DeactivateEndpoint)
    [Anonymous Symbol]                       0x080026e8   Section        0  stm32f1xx_ll_usb.o(.text.USB_DevConnect)
    [Anonymous Symbol]                       0x080026ec   Section        0  stm32f1xx_ll_usb.o(.text.USB_DevDisconnect)
    [Anonymous Symbol]                       0x080026f0   Section        0  stm32f1xx_ll_usb.o(.text.USB_DevInit)
    [Anonymous Symbol]                       0x08002714   Section        0  stm32f1xx_ll_usb.o(.text.USB_DisableGlobalInt)
    [Anonymous Symbol]                       0x08002726   Section        0  stm32f1xx_ll_usb.o(.text.USB_EP0_OutStart)
    [Anonymous Symbol]                       0x0800272a   Section        0  stm32f1xx_ll_usb.o(.text.USB_EPClearStall)
    [Anonymous Symbol]                       0x08002794   Section        0  stm32f1xx_ll_usb.o(.text.USB_EPSetStall)
    __arm_cp.13_0                            0x080027dc   Number         4  stm32f1xx_ll_usb.o(.text.USB_EPSetStall)
    [Anonymous Symbol]                       0x080027e0   Section        0  stm32f1xx_ll_usb.o(.text.USB_EPStartXfer)
    __arm_cp.9_0                             0x08002940   Number         4  stm32f1xx_ll_usb.o(.text.USB_EPStartXfer)
    [Anonymous Symbol]                       0x08002944   Section        0  stm32f1xx_ll_usb.o(.text.USB_EnableGlobalInt)
    [Anonymous Symbol]                       0x08002954   Section        0  stm32f1xx_it.o(.text.USB_LP_CAN1_RX0_IRQHandler)
    __arm_cp.9_0                             0x0800295c   Number         4  stm32f1xx_it.o(.text.USB_LP_CAN1_RX0_IRQHandler)
    [Anonymous Symbol]                       0x08002960   Section        0  stm32f1xx_ll_usb.o(.text.USB_ReadInterrupts)
    [Anonymous Symbol]                       0x08002966   Section        0  stm32f1xx_ll_usb.o(.text.USB_ReadPMA)
    [Anonymous Symbol]                       0x08002988   Section        0  stm32f1xx_ll_usb.o(.text.USB_SetCurrentMode)
    [Anonymous Symbol]                       0x0800298c   Section        0  stm32f1xx_ll_usb.o(.text.USB_SetDevAddress)
    [Anonymous Symbol]                       0x08002998   Section        0  stm32f1xx_ll_usb.o(.text.USB_WritePMA)
    [Anonymous Symbol]                       0x080029bc   Section        0  stm32f1xx_it.o(.text.UsageFault_Handler)
    [Anonymous Symbol]                       0x080029c0   Section        0  oled.o(.text.Write_IIC_Byte)
    __arm_cp.2_0                             0x08002a14   Number         4  oled.o(.text.Write_IIC_Byte)
    __arm_cp.2_1                             0x08002a18   Number         4  oled.o(.text.Write_IIC_Byte)
    [Anonymous Symbol]                       0x08002a1c   Section        0  delay.o(.text.delay_init)
    [Anonymous Symbol]                       0x08002a2c   Section        0  delay.o(.text.delay_ms)
    [Anonymous Symbol]                       0x08002a44   Section        0  delay.o(.text.delay_us)
    __arm_cp.1_0                             0x08002a74   Number         4  delay.o(.text.delay_us)
    __arm_cp.1_1                             0x08002a78   Number         4  delay.o(.text.delay_us)
    [Anonymous Symbol]                       0x08002a7c   Section        0  main.o(.text.main)
    __arm_cp.0_0                             0x08002c5c   Number         4  main.o(.text.main)
    __arm_cp.0_1                             0x08002c60   Number         4  main.o(.text.main)
    __arm_cp.0_2                             0x08002c64   Number         4  main.o(.text.main)
    __arm_cp.0_3                             0x08002c68   Number         4  main.o(.text.main)
    __arm_cp.0_4                             0x08002c6c   Number         4  main.o(.text.main)
    __arm_cp.0_5                             0x08002c70   Number         4  main.o(.text.main)
    __arm_cp.0_6                             0x08002c74   Number         4  main.o(.text.main)
    __arm_cp.0_7                             0x08002c78   Number         4  main.o(.text.main)
    __arm_cp.0_8                             0x08002c7c   Number         4  main.o(.text.main)
    __arm_cp.0_9                             0x08002c80   Number         4  main.o(.text.main)
    __arm_cp.0_10                            0x08002c84   Number         4  main.o(.text.main)
    __arm_cp.0_11                            0x08002c88   Number         4  main.o(.text.main)
    __arm_cp.0_12                            0x08002c8c   Number         4  main.o(.text.main)
    __arm_cp.0_13                            0x08002c90   Number         4  main.o(.text.main)
    __arm_cp.0_14                            0x08002c94   Number         4  main.o(.text.main)
    i.__scatterload_copy                     0x08002c98   Section       14  handlers.o(i.__scatterload_copy)
    i.__scatterload_null                     0x08002ca6   Section        2  handlers.o(i.__scatterload_null)
    i.__scatterload_zeroinit                 0x08002ca8   Section       14  handlers.o(i.__scatterload_zeroinit)
    [Anonymous Symbol]                       0x20000000   Section        0  stm32f1xx_hal.o(.data..L_MergedGlobals)
    USBD_CDC_DeviceQualifierDesc             0x200000e8   Data          10  usbd_cdc.o(.data.USBD_CDC_DeviceQualifierDesc)
    [Anonymous Symbol]                       0x200000e8   Section        0  usbd_cdc.o(.data.USBD_CDC_DeviceQualifierDesc)
    [Anonymous Symbol]                       0x20000180   Section        0  stm32f1xx_it.o(.bss..L_MergedGlobals)
    USBD_CDC_Setup.ifalt                     0x200001a4   Data           1  usbd_cdc.o(.bss.USBD_CDC_Setup.ifalt)
    [Anonymous Symbol]                       0x200001a4   Section        0  usbd_cdc.o(.bss.USBD_CDC_Setup.ifalt)
    USBD_SetConfig.cfgidx                    0x200001a5   Data           1  usbd_ctlreq.o(.bss.USBD_SetConfig.cfgidx)
    [Anonymous Symbol]                       0x200001a5   Section        0  usbd_ctlreq.o(.bss.USBD_SetConfig.cfgidx)
    USBD_static_malloc.mem                   0x200003a8   Data         544  usbd_conf.o(.bss.USBD_static_malloc.mem)
    [Anonymous Symbol]                       0x200003a8   Section        0  usbd_conf.o(.bss.USBD_static_malloc.mem)
    fac_us                                   0x20000d98   Data           4  delay.o(.bss.fac_us)
    [Anonymous Symbol]                       0x20000d98   Section        0  delay.o(.bss.fac_us)
    STACK                                    0x20001428   Section     2048  startup_stm32f103xb.o(STACK)

    Global Symbols

    Symbol Name                              Value     Ov Type        Size  Object(Section)

    BuildAttributes$$THM_ISAv4$P$D$K$B$S$PE$A:L22UL41UL21$X:L11$S22US41US21$IEEE1$IW$~IW$USESV6$~STKCKD$USESV7$~SHL$OTIME$ROPI$EBA8$MICROLIB$REQ8$PRES8$EABIv2 0x00000000   Number         0  anon$$obj.o ABSOLUTE
    __cpp_initialize__aeabi_                  - Undefined Weak Reference
    __cxa_finalize                            - Undefined Weak Reference
    _clock_init                               - Undefined Weak Reference
    _microlib_exit                            - Undefined Weak Reference
    __Vectors_Size                           0x000000ec   Number         0  startup_stm32f103xb.o ABSOLUTE
    __Vectors                                0x08000000   Data           4  startup_stm32f103xb.o(RESET)
    __Vectors_End                            0x080000ec   Data           0  startup_stm32f103xb.o(RESET)
    __main                                   0x080000ed   Thumb Code     0  entry.o(.ARM.Collect$$$$00000000)
    _main_stk                                0x080000ed   Thumb Code     0  entry2.o(.ARM.Collect$$$$00000001)
    _main_scatterload                        0x080000f1   Thumb Code     0  entry5.o(.ARM.Collect$$$$00000004)
    __main_after_scatterload                 0x080000f5   Thumb Code     0  entry5.o(.ARM.Collect$$$$00000004)
    _main_clock                              0x080000f5   Thumb Code     0  entry7b.o(.ARM.Collect$$$$00000008)
    _main_cpp_init                           0x080000f5   Thumb Code     0  entry8b.o(.ARM.Collect$$$$0000000A)
    _main_init                               0x080000f5   Thumb Code     0  entry9a.o(.ARM.Collect$$$$0000000B)
    __rt_final_cpp                           0x080000fd   Thumb Code     0  entry10a.o(.ARM.Collect$$$$0000000D)
    __rt_final_exit                          0x080000fd   Thumb Code     0  entry11a.o(.ARM.Collect$$$$0000000F)
    Reset_Handler                            0x08000101   Thumb Code     8  startup_stm32f103xb.o(.text)
    ADC1_2_IRQHandler                        0x0800011b   Thumb Code     0  startup_stm32f103xb.o(.text)
    CAN1_RX1_IRQHandler                      0x0800011b   Thumb Code     0  startup_stm32f103xb.o(.text)
    CAN1_SCE_IRQHandler                      0x0800011b   Thumb Code     0  startup_stm32f103xb.o(.text)
    DMA1_Channel1_IRQHandler                 0x0800011b   Thumb Code     0  startup_stm32f103xb.o(.text)
    DMA1_Channel2_IRQHandler                 0x0800011b   Thumb Code     0  startup_stm32f103xb.o(.text)
    DMA1_Channel3_IRQHandler                 0x0800011b   Thumb Code     0  startup_stm32f103xb.o(.text)
    DMA1_Channel4_IRQHandler                 0x0800011b   Thumb Code     0  startup_stm32f103xb.o(.text)
    DMA1_Channel5_IRQHandler                 0x0800011b   Thumb Code     0  startup_stm32f103xb.o(.text)
    DMA1_Channel6_IRQHandler                 0x0800011b   Thumb Code     0  startup_stm32f103xb.o(.text)
    DMA1_Channel7_IRQHandler                 0x0800011b   Thumb Code     0  startup_stm32f103xb.o(.text)
    EXTI0_IRQHandler                         0x0800011b   Thumb Code     0  startup_stm32f103xb.o(.text)
    EXTI1_IRQHandler                         0x0800011b   Thumb Code     0  startup_stm32f103xb.o(.text)
    EXTI2_IRQHandler                         0x0800011b   Thumb Code     0  startup_stm32f103xb.o(.text)
    EXTI3_IRQHandler                         0x0800011b   Thumb Code     0  startup_stm32f103xb.o(.text)
    EXTI4_IRQHandler                         0x0800011b   Thumb Code     0  startup_stm32f103xb.o(.text)
    EXTI9_5_IRQHandler                       0x0800011b   Thumb Code     0  startup_stm32f103xb.o(.text)
    FLASH_IRQHandler                         0x0800011b   Thumb Code     0  startup_stm32f103xb.o(.text)
    I2C1_ER_IRQHandler                       0x0800011b   Thumb Code     0  startup_stm32f103xb.o(.text)
    I2C1_EV_IRQHandler                       0x0800011b   Thumb Code     0  startup_stm32f103xb.o(.text)
    I2C2_ER_IRQHandler                       0x0800011b   Thumb Code     0  startup_stm32f103xb.o(.text)
    I2C2_EV_IRQHandler                       0x0800011b   Thumb Code     0  startup_stm32f103xb.o(.text)
    PVD_IRQHandler                           0x0800011b   Thumb Code     0  startup_stm32f103xb.o(.text)
    RCC_IRQHandler                           0x0800011b   Thumb Code     0  startup_stm32f103xb.o(.text)
    RTC_Alarm_IRQHandler                     0x0800011b   Thumb Code     0  startup_stm32f103xb.o(.text)
    RTC_IRQHandler                           0x0800011b   Thumb Code     0  startup_stm32f103xb.o(.text)
    SPI1_IRQHandler                          0x0800011b   Thumb Code     0  startup_stm32f103xb.o(.text)
    SPI2_IRQHandler                          0x0800011b   Thumb Code     0  startup_stm32f103xb.o(.text)
    TAMPER_IRQHandler                        0x0800011b   Thumb Code     0  startup_stm32f103xb.o(.text)
    TIM1_BRK_IRQHandler                      0x0800011b   Thumb Code     0  startup_stm32f103xb.o(.text)
    TIM1_CC_IRQHandler                       0x0800011b   Thumb Code     0  startup_stm32f103xb.o(.text)
    TIM1_TRG_COM_IRQHandler                  0x0800011b   Thumb Code     0  startup_stm32f103xb.o(.text)
    TIM1_UP_IRQHandler                       0x0800011b   Thumb Code     0  startup_stm32f103xb.o(.text)
    TIM3_IRQHandler                          0x0800011b   Thumb Code     0  startup_stm32f103xb.o(.text)
    TIM4_IRQHandler                          0x0800011b   Thumb Code     0  startup_stm32f103xb.o(.text)
    USART1_IRQHandler                        0x0800011b   Thumb Code     0  startup_stm32f103xb.o(.text)
    USART2_IRQHandler                        0x0800011b   Thumb Code     0  startup_stm32f103xb.o(.text)
    USART3_IRQHandler                        0x0800011b   Thumb Code     0  startup_stm32f103xb.o(.text)
    USBWakeUp_IRQHandler                     0x0800011b   Thumb Code     0  startup_stm32f103xb.o(.text)
    USB_HP_CAN1_TX_IRQHandler                0x0800011b   Thumb Code     0  startup_stm32f103xb.o(.text)
    WWDG_IRQHandler                          0x0800011b   Thumb Code     0  startup_stm32f103xb.o(.text)
    __aeabi_memset                           0x08000125   Thumb Code    14  memseta.o(.text)
    __aeabi_memset4                          0x08000125   Thumb Code     0  memseta.o(.text)
    __aeabi_memset8                          0x08000125   Thumb Code     0  memseta.o(.text)
    __aeabi_memclr                           0x08000133   Thumb Code     4  memseta.o(.text)
    __aeabi_memclr4                          0x08000133   Thumb Code     0  memseta.o(.text)
    __aeabi_memclr8                          0x08000133   Thumb Code     0  memseta.o(.text)
    _memset$wrapper                          0x08000137   Thumb Code    18  memseta.o(.text)
    __scatterload                            0x08000149   Thumb Code    28  init.o(.text)
    __scatterload_rt2                        0x08000149   Thumb Code     0  init.o(.text)
    __decompress                             0x0800016d   Thumb Code     0  __dczerorl2.o(.text)
    __decompress1                            0x0800016d   Thumb Code    86  __dczerorl2.o(.text)
    BusFault_Handler                         0x080001c3   Thumb Code     2  stm32f1xx_it.o(.text.BusFault_Handler)
    DebugMon_Handler                         0x0800020d   Thumb Code     2  stm32f1xx_it.o(.text.DebugMon_Handler)
    EXTI15_10_IRQHandler                     0x08000211   Thumb Code   136  stm32f1xx_it.o(.text.EXTI15_10_IRQHandler)
    Error_Handler                            0x08000299   Thumb Code     2  main.o(.text.Error_Handler)
    HAL_GetTick                              0x0800029d   Thumb Code    12  stm32f1xx_hal.o(.text.HAL_GetTick)
    HAL_IncTick                              0x080002a5   Thumb Code    24  stm32f1xx_hal.o(.text.HAL_IncTick)
    HAL_Init                                 0x080002b9   Thumb Code    36  stm32f1xx_hal.o(.text.HAL_Init)
    HAL_InitTick                             0x080002dd   Thumb Code    64  stm32f1xx_hal.o(.text.HAL_InitTick)
    HAL_MspInit                              0x0800031d   Thumb Code    64  stm32f1xx_hal_msp.o(.text.HAL_MspInit)
    HAL_NVIC_EnableIRQ                       0x0800035d   Thumb Code    24  stm32f1xx_hal_cortex.o(.text.HAL_NVIC_EnableIRQ)
    HAL_NVIC_SetPriority                     0x08000375   Thumb Code    64  stm32f1xx_hal_cortex.o(.text.HAL_NVIC_SetPriority)
    HAL_NVIC_SetPriorityGrouping             0x080003b1   Thumb Code    32  stm32f1xx_hal_cortex.o(.text.HAL_NVIC_SetPriorityGrouping)
    HAL_PCDEx_PMAConfig                      0x080003d1   Thumb Code    50  stm32f1xx_hal_pcd_ex.o(.text.HAL_PCDEx_PMAConfig)
    HAL_PCDEx_SetConnectionState             0x08000403   Thumb Code     2  usbd_conf.o(.text.HAL_PCDEx_SetConnectionState)
    HAL_PCD_DataInStageCallback              0x08000405   Thumb Code    14  usbd_conf.o(.text.HAL_PCD_DataInStageCallback)
    HAL_PCD_DataOutStageCallback             0x08000413   Thumb Code    16  usbd_conf.o(.text.HAL_PCD_DataOutStageCallback)
    HAL_PCD_EP_Close                         0x08000423   Thumb Code    68  stm32f1xx_hal_pcd.o(.text.HAL_PCD_EP_Close)
    HAL_PCD_EP_ClrStall                      0x08000467   Thumb Code    74  stm32f1xx_hal_pcd.o(.text.HAL_PCD_EP_ClrStall)
    HAL_PCD_EP_GetRxCount                    0x080004b1   Thumb Code    14  stm32f1xx_hal_pcd.o(.text.HAL_PCD_EP_GetRxCount)
    HAL_PCD_EP_Open                          0x080004bf   Thumb Code    70  stm32f1xx_hal_pcd.o(.text.HAL_PCD_EP_Open)
    HAL_PCD_EP_Receive                       0x08000505   Thumb Code    44  stm32f1xx_hal_pcd.o(.text.HAL_PCD_EP_Receive)
    HAL_PCD_EP_SetStall                      0x08000531   Thumb Code    82  stm32f1xx_hal_pcd.o(.text.HAL_PCD_EP_SetStall)
    HAL_PCD_EP_Transmit                      0x08000583   Thumb Code    40  stm32f1xx_hal_pcd.o(.text.HAL_PCD_EP_Transmit)
    HAL_PCD_IRQHandler                       0x080005ab   Thumb Code  1142  stm32f1xx_hal_pcd.o(.text.HAL_PCD_IRQHandler)
    HAL_PCD_Init                             0x08000a21   Thumb Code   206  stm32f1xx_hal_pcd.o(.text.HAL_PCD_Init)
    HAL_PCD_MspInit                          0x08000af1   Thumb Code    60  usbd_conf.o(.text.HAL_PCD_MspInit)
    HAL_PCD_ResetCallback                    0x08000b2d   Thumb Code    36  usbd_conf.o(.text.HAL_PCD_ResetCallback)
    HAL_PCD_ResumeCallback                   0x08000b51   Thumb Code     8  usbd_conf.o(.text.HAL_PCD_ResumeCallback)
    HAL_PCD_SOFCallback                      0x08000b59   Thumb Code     8  usbd_conf.o(.text.HAL_PCD_SOFCallback)
    HAL_PCD_SetAddress                       0x08000b61   Thumb Code    40  stm32f1xx_hal_pcd.o(.text.HAL_PCD_SetAddress)
    HAL_PCD_SetupStageCallback               0x08000b89   Thumb Code    14  usbd_conf.o(.text.HAL_PCD_SetupStageCallback)
    HAL_PCD_Start                            0x08000b97   Thumb Code    50  stm32f1xx_hal_pcd.o(.text.HAL_PCD_Start)
    HAL_PCD_SuspendCallback                  0x08000bc9   Thumb Code    32  usbd_conf.o(.text.HAL_PCD_SuspendCallback)
    HAL_RCCEx_PeriphCLKConfig                0x08000be9   Thumb Code   244  stm32f1xx_hal_rcc_ex.o(.text.HAL_RCCEx_PeriphCLKConfig)
    HAL_RCC_ClockConfig                      0x08000cd9   Thumb Code   352  stm32f1xx_hal_rcc.o(.text.HAL_RCC_ClockConfig)
    HAL_RCC_GetSysClockFreq                  0x08000e31   Thumb Code    88  stm32f1xx_hal_rcc.o(.text.HAL_RCC_GetSysClockFreq)
    HAL_RCC_OscConfig                        0x08000e89   Thumb Code   764  stm32f1xx_hal_rcc.o(.text.HAL_RCC_OscConfig)
    HAL_SYSTICK_CLKSourceConfig              0x08001185   Thumb Code    24  stm32f1xx_hal_cortex.o(.text.HAL_SYSTICK_CLKSourceConfig)
    HAL_SYSTICK_Config                       0x08001199   Thumb Code    40  stm32f1xx_hal_cortex.o(.text.HAL_SYSTICK_Config)
    HardFault_Handler                        0x080011c1   Thumb Code     2  stm32f1xx_it.o(.text.HardFault_Handler)
    IIC_Start                                0x080011c5   Thumb Code    40  oled.o(.text.IIC_Start)
    IIC_Stop                                 0x080011e5   Thumb Code    40  oled.o(.text.IIC_Stop)
    LL_EXTI_Init                             0x08001261   Thumb Code   140  stm32f1xx_ll_exti.o(.text.LL_EXTI_Init)
    LL_GPIO_Init                             0x08001319   Thumb Code   236  stm32f1xx_ll_gpio.o(.text.LL_GPIO_Init)
    LL_TIM_Init                              0x0800143d   Thumb Code    88  stm32f1xx_ll_tim.o(.text.LL_TIM_Init)
    MX_USB_DEVICE_Init                       0x08001495   Thumb Code    84  usb_device.o(.text.MX_USB_DEVICE_Init)
    MemManage_Handler                        0x080014e9   Thumb Code     2  stm32f1xx_it.o(.text.MemManage_Handler)
    NMI_Handler                              0x080014eb   Thumb Code     2  stm32f1xx_it.o(.text.NMI_Handler)
    OLED_Fill                                0x08001535   Thumb Code    60  oled.o(.text.OLED_Fill)
    OLED_Init                                0x0800156d   Thumb Code   140  oled.o(.text.OLED_Init)
    OLED_P6x8Str                             0x080015f5   Thumb Code   112  oled.o(.text.OLED_P6x8Str)
    OLED_P8x16Str                            0x08001665   Thumb Code   164  oled.o(.text.OLED_P8x16Str)
    OLED_Set_Pos                             0x08001709   Thumb Code    40  oled.o(.text.OLED_Set_Pos)
    OLED_WrCmd                               0x08001731   Thumb Code    36  oled.o(.text.OLED_WrCmd)
    OLED_WrDat                               0x08001751   Thumb Code    36  oled.o(.text.OLED_WrDat)
    Oled_Printf_U16                          0x08001775   Thumb Code   198  oled.o(.text.Oled_Printf_U16)
    PendSV_Handler                           0x0800183b   Thumb Code     2  stm32f1xx_it.o(.text.PendSV_Handler)
    SVC_Handler                              0x0800183d   Thumb Code     2  stm32f1xx_it.o(.text.SVC_Handler)
    SysTick_Handler                          0x0800183f   Thumb Code     4  stm32f1xx_it.o(.text.SysTick_Handler)
    SystemClock_Config                       0x08001843   Thumb Code    90  main.o(.text.SystemClock_Config)
    SystemInit                               0x0800189d   Thumb Code    76  system_stm32f1xx.o(.text.SystemInit)
    TIM2_IRQHandler                          0x080018e9   Thumb Code     2  stm32f1xx_it.o(.text.TIM2_IRQHandler)
    USBD_CDC_GetDeviceQualifierDescriptor    0x08001991   Thumb Code    12  usbd_cdc.o(.text.USBD_CDC_GetDeviceQualifierDescriptor)
    USBD_CDC_ReceivePacket                   0x08001a4b   Thumb Code    40  usbd_cdc.o(.text.USBD_CDC_ReceivePacket)
    USBD_CDC_RegisterInterface               0x08001a73   Thumb Code    14  usbd_cdc.o(.text.USBD_CDC_RegisterInterface)
    USBD_CDC_SetRxBuffer                     0x08001a81   Thumb Code    12  usbd_cdc.o(.text.USBD_CDC_SetRxBuffer)
    USBD_CDC_SetTxBuffer                     0x08001a8d   Thumb Code    16  usbd_cdc.o(.text.USBD_CDC_SetTxBuffer)
    USBD_ClrClassConfig                      0x08001b0d   Thumb Code    14  usbd_core.o(.text.USBD_ClrClassConfig)
    USBD_CtlContinueRx                       0x08001b1b   Thumb Code    16  usbd_ioreq.o(.text.USBD_CtlContinueRx)
    USBD_CtlContinueSendData                 0x08001b2b   Thumb Code    16  usbd_ioreq.o(.text.USBD_CtlContinueSendData)
    USBD_CtlError                            0x08001b3b   Thumb Code    22  usbd_ctlreq.o(.text.USBD_CtlError)
    USBD_CtlPrepareRx                        0x08001b51   Thumb Code    26  usbd_ioreq.o(.text.USBD_CtlPrepareRx)
    USBD_CtlReceiveStatus                    0x08001b6b   Thumb Code    22  usbd_ioreq.o(.text.USBD_CtlReceiveStatus)
    USBD_CtlSendData                         0x08001b81   Thumb Code    26  usbd_ioreq.o(.text.USBD_CtlSendData)
    USBD_CtlSendStatus                       0x08001b9b   Thumb Code    22  usbd_ioreq.o(.text.USBD_CtlSendStatus)
    USBD_FS_ConfigStrDescriptor              0x08001bb1   Thumb Code    36  usbd_desc.o(.text.USBD_FS_ConfigStrDescriptor)
    USBD_FS_DeviceDescriptor                 0x08001bd1   Thumb Code    12  usbd_desc.o(.text.USBD_FS_DeviceDescriptor)
    USBD_FS_InterfaceStrDescriptor           0x08001bdd   Thumb Code    40  usbd_desc.o(.text.USBD_FS_InterfaceStrDescriptor)
    USBD_FS_LangIDStrDescriptor              0x08001c01   Thumb Code    12  usbd_desc.o(.text.USBD_FS_LangIDStrDescriptor)
    USBD_FS_ManufacturerStrDescriptor        0x08001c0d   Thumb Code    44  usbd_desc.o(.text.USBD_FS_ManufacturerStrDescriptor)
    USBD_FS_ProductStrDescriptor             0x08001c35   Thumb Code    48  usbd_desc.o(.text.USBD_FS_ProductStrDescriptor)
    USBD_FS_SerialStrDescriptor              0x08001c65   Thumb Code    56  usbd_desc.o(.text.USBD_FS_SerialStrDescriptor)
    USBD_GetString                           0x08001c9d   Thumb Code    92  usbd_ctlreq.o(.text.USBD_GetString)
    USBD_Init                                0x08001d11   Thumb Code    42  usbd_core.o(.text.USBD_Init)
    USBD_LL_ClearStallEP                     0x08001d3b   Thumb Code    18  usbd_conf.o(.text.USBD_LL_ClearStallEP)
    USBD_LL_CloseEP                          0x08001d4d   Thumb Code    18  usbd_conf.o(.text.USBD_LL_CloseEP)
    USBD_LL_DataInStage                      0x08001d5f   Thumb Code   162  usbd_core.o(.text.USBD_LL_DataInStage)
    USBD_LL_DataOutStage                     0x08001e01   Thumb Code   100  usbd_core.o(.text.USBD_LL_DataOutStage)
    USBD_LL_GetRxDataSize                    0x08001e65   Thumb Code    12  usbd_conf.o(.text.USBD_LL_GetRxDataSize)
    USBD_LL_Init                             0x08001e71   Thumb Code   128  usbd_conf.o(.text.USBD_LL_Init)
    USBD_LL_IsStallEP                        0x08001ef1   Thumb Code    28  usbd_conf.o(.text.USBD_LL_IsStallEP)
    USBD_LL_OpenEP                           0x08001f0d   Thumb Code    24  usbd_conf.o(.text.USBD_LL_OpenEP)
    USBD_LL_PrepareReceive                   0x08001f25   Thumb Code    18  usbd_conf.o(.text.USBD_LL_PrepareReceive)
    USBD_LL_Reset                            0x08001f37   Thumb Code    62  usbd_core.o(.text.USBD_LL_Reset)
    USBD_LL_Resume                           0x08001f75   Thumb Code    12  usbd_core.o(.text.USBD_LL_Resume)
    USBD_LL_SOF                              0x08001f81   Thumb Code    28  usbd_core.o(.text.USBD_LL_SOF)
    USBD_LL_SetSpeed                         0x08001f9d   Thumb Code     6  usbd_core.o(.text.USBD_LL_SetSpeed)
    USBD_LL_SetUSBAddress                    0x08001fa3   Thumb Code    18  usbd_conf.o(.text.USBD_LL_SetUSBAddress)
    USBD_LL_SetupStage                       0x08001fb5   Thumb Code    86  usbd_core.o(.text.USBD_LL_SetupStage)
    USBD_LL_StallEP                          0x0800200b   Thumb Code    18  usbd_conf.o(.text.USBD_LL_StallEP)
    USBD_LL_Start                            0x0800201d   Thumb Code    18  usbd_conf.o(.text.USBD_LL_Start)
    USBD_LL_Suspend                          0x0800202f   Thumb Code    18  usbd_core.o(.text.USBD_LL_Suspend)
    USBD_LL_Transmit                         0x08002041   Thumb Code    18  usbd_conf.o(.text.USBD_LL_Transmit)
    USBD_ParseSetupRequest                   0x08002053   Thumb Code    22  usbd_ctlreq.o(.text.USBD_ParseSetupRequest)
    USBD_RegisterClass                       0x08002069   Thumb Code    14  usbd_core.o(.text.USBD_RegisterClass)
    USBD_SetClassConfig                      0x08002077   Thumb Code    26  usbd_core.o(.text.USBD_SetClassConfig)
    USBD_Start                               0x08002091   Thumb Code    10  usbd_core.o(.text.USBD_Start)
    USBD_StdDevReq                           0x0800209d   Thumb Code   560  usbd_ctlreq.o(.text.USBD_StdDevReq)
    USBD_StdEPReq                            0x080022cd   Thumb Code   210  usbd_ctlreq.o(.text.USBD_StdEPReq)
    USBD_StdItfReq                           0x0800239f   Thumb Code    58  usbd_ctlreq.o(.text.USBD_StdItfReq)
    USBD_static_free                         0x080023d9   Thumb Code     2  usbd_conf.o(.text.USBD_static_free)
    USBD_static_malloc                       0x080023dd   Thumb Code     8  usbd_conf.o(.text.USBD_static_malloc)
    USB_ActivateEndpoint                     0x080023e5   Thumb Code   530  stm32f1xx_ll_usb.o(.text.USB_ActivateEndpoint)
    USB_CoreInit                             0x080025f7   Thumb Code     4  stm32f1xx_ll_usb.o(.text.USB_CoreInit)
    USB_DeactivateEndpoint                   0x080025fb   Thumb Code   238  stm32f1xx_ll_usb.o(.text.USB_DeactivateEndpoint)
    USB_DevConnect                           0x080026e9   Thumb Code     4  stm32f1xx_ll_usb.o(.text.USB_DevConnect)
    USB_DevDisconnect                        0x080026ed   Thumb Code     4  stm32f1xx_ll_usb.o(.text.USB_DevDisconnect)
    USB_DevInit                              0x080026f1   Thumb Code    36  stm32f1xx_ll_usb.o(.text.USB_DevInit)
    USB_DisableGlobalInt                     0x08002715   Thumb Code    18  stm32f1xx_ll_usb.o(.text.USB_DisableGlobalInt)
    USB_EP0_OutStart                         0x08002727   Thumb Code     4  stm32f1xx_ll_usb.o(.text.USB_EP0_OutStart)
    USB_EPClearStall                         0x0800272b   Thumb Code   106  stm32f1xx_ll_usb.o(.text.USB_EPClearStall)
    USB_EPSetStall                           0x08002795   Thumb Code    76  stm32f1xx_ll_usb.o(.text.USB_EPSetStall)
    USB_EPStartXfer                          0x080027e1   Thumb Code   356  stm32f1xx_ll_usb.o(.text.USB_EPStartXfer)
    USB_EnableGlobalInt                      0x08002945   Thumb Code    16  stm32f1xx_ll_usb.o(.text.USB_EnableGlobalInt)
    USB_LP_CAN1_RX0_IRQHandler               0x08002955   Thumb Code    12  stm32f1xx_it.o(.text.USB_LP_CAN1_RX0_IRQHandler)
    USB_ReadInterrupts                       0x08002961   Thumb Code     6  stm32f1xx_ll_usb.o(.text.USB_ReadInterrupts)
    USB_ReadPMA                              0x08002967   Thumb Code    34  stm32f1xx_ll_usb.o(.text.USB_ReadPMA)
    USB_SetCurrentMode                       0x08002989   Thumb Code     4  stm32f1xx_ll_usb.o(.text.USB_SetCurrentMode)
    USB_SetDevAddress                        0x0800298d   Thumb Code    12  stm32f1xx_ll_usb.o(.text.USB_SetDevAddress)
    USB_WritePMA                             0x08002999   Thumb Code    36  stm32f1xx_ll_usb.o(.text.USB_WritePMA)
    UsageFault_Handler                       0x080029bd   Thumb Code     2  stm32f1xx_it.o(.text.UsageFault_Handler)
    Write_IIC_Byte                           0x080029c1   Thumb Code    92  oled.o(.text.Write_IIC_Byte)
    delay_init                               0x08002a1d   Thumb Code    20  delay.o(.text.delay_init)
    delay_ms                                 0x08002a2d   Thumb Code    22  delay.o(.text.delay_ms)
    delay_us                                 0x08002a45   Thumb Code    56  delay.o(.text.delay_us)
    main                                     0x08002a7d   Thumb Code   540  main.o(.text.main)
    __scatterload_copy                       0x08002c99   Thumb Code    14  handlers.o(i.__scatterload_copy)
    __scatterload_null                       0x08002ca7   Thumb Code     2  handlers.o(i.__scatterload_null)
    __scatterload_zeroinit                   0x08002ca9   Thumb Code    14  handlers.o(i.__scatterload_zeroinit)
    AHBPrescTable                            0x08002cb6   Data          16  system_stm32f1xx.o(.rodata.AHBPrescTable)
    F6x8                                     0x08002cc6   Data         552  oled.o(.rodata.F6x8)
    F8X16                                    0x08002eee   Data        1520  oled.o(.rodata.F8X16)
    Region$$Table$$Base                      0x080034e0   Number         0  anon$$obj.o(Region$$Table)
    Region$$Table$$Limit                     0x08003500   Number         0  anon$$obj.o(Region$$Table)
    uwTickFreq                               0x20000000   Data           1  stm32f1xx_hal.o(.data..L_MergedGlobals)
    uwTickPrio                               0x20000004   Data           4  stm32f1xx_hal.o(.data..L_MergedGlobals)
    FS_Desc                                  0x20000008   Data          28  usbd_desc.o(.data.FS_Desc)
    SystemCoreClock                          0x20000024   Data           4  system_stm32f1xx.o(.data.SystemCoreClock)
    USBD_CDC                                 0x20000028   Data          56  usbd_cdc.o(.data.USBD_CDC)
    USBD_CDC_CfgFSDesc                       0x20000060   Data          67  usbd_cdc.o(.data.USBD_CDC_CfgFSDesc)
    USBD_CDC_CfgHSDesc                       0x200000a4   Data          67  usbd_cdc.o(.data.USBD_CDC_CfgHSDesc)
    USBD_CDC_OtherSpeedCfgDesc               0x200000f4   Data          67  usbd_cdc.o(.data.USBD_CDC_OtherSpeedCfgDesc)
    USBD_FS_DeviceDesc                       0x20000138   Data          18  usbd_desc.o(.data.USBD_FS_DeviceDesc)
    USBD_Interface_fops_FS                   0x2000014c   Data          16  usbd_cdc_if.o(.data.USBD_Interface_fops_FS)
    USBD_LangIDDesc                          0x2000015c   Data           4  usbd_desc.o(.data.USBD_LangIDDesc)
    USBD_StringSerial                        0x20000160   Data          26  usbd_desc.o(.data.USBD_StringSerial)
    cnt_times                                0x20000180   Data           1  stm32f1xx_it.o(.bss..L_MergedGlobals)
    CNT1                                     0x20000184   Data           4  stm32f1xx_it.o(.bss..L_MergedGlobals)
    CNT2                                     0x20000188   Data           4  stm32f1xx_it.o(.bss..L_MergedGlobals)
    CNT3                                     0x2000018c   Data           4  stm32f1xx_it.o(.bss..L_MergedGlobals)
    CNT                                      0x20000190   Data          20  stm32f1xx_it.o(.bss..L_MergedGlobals)
    USBD_StrDesc                             0x200001a8   Data         512  usbd_desc.o(.bss.USBD_StrDesc)
    UserRxBufferFS                           0x200005c8   Data        1000  usbd_cdc_if.o(.bss.UserRxBufferFS)
    UserTxBufferFS                           0x200009b0   Data        1000  usbd_cdc_if.o(.bss.UserTxBufferFS)
    hUsbDeviceFS                             0x20000d9c   Data         548  usb_device.o(.bss.hUsbDeviceFS)
    hpcd_USB_FS                              0x20000fc0   Data        1120  usbd_conf.o(.bss.hpcd_USB_FS)
    uwTick                                   0x20001420   Data           4  stm32f1xx_hal.o(.bss.uwTick)
    __initial_sp                             0x20001c28   Data           0  startup_stm32f103xb.o(STACK)



==============================================================================

Memory Map of the image

  Image Entry point : 0x080000ed

  Load Region LR_IROM1 (Base: 0x08000000, Size: 0x00003680, Max: 0x00010000, ABSOLUTE, COMPRESSED[0x000035c8])

    Execution Region ER_IROM1 (Exec base: 0x08000000, Load base: 0x08000000, Size: 0x00003500, Max: 0x00010000, ABSOLUTE)

    Exec Addr    Load Addr    Size         Type   Attr      Idx    E Section Name        Object

    0x08000000   0x08000000   0x000000ec   Data   RO          670    RESET               startup_stm32f103xb.o
    0x080000ec   0x080000ec   0x00000000   Code   RO          796  * .ARM.Collect$$$$00000000  mc_w.l(entry.o)
    0x080000ec   0x080000ec   0x00000004   Code   RO          806    .ARM.Collect$$$$00000001  mc_w.l(entry2.o)
    0x080000f0   0x080000f0   0x00000004   Code   RO          809    .ARM.Collect$$$$00000004  mc_w.l(entry5.o)
    0x080000f4   0x080000f4   0x00000000   Code   RO          811    .ARM.Collect$$$$00000008  mc_w.l(entry7b.o)
    0x080000f4   0x080000f4   0x00000000   Code   RO          813    .ARM.Collect$$$$0000000A  mc_w.l(entry8b.o)
    0x080000f4   0x080000f4   0x00000008   Code   RO          814    .ARM.Collect$$$$0000000B  mc_w.l(entry9a.o)
    0x080000fc   0x080000fc   0x00000000   Code   RO          816    .ARM.Collect$$$$0000000D  mc_w.l(entry10a.o)
    0x080000fc   0x080000fc   0x00000000   Code   RO          818    .ARM.Collect$$$$0000000F  mc_w.l(entry11a.o)
    0x080000fc   0x080000fc   0x00000004   Code   RO          807    .ARM.Collect$$$$00002712  mc_w.l(entry2.o)
    0x08000100   0x08000100   0x00000024   Code   RO          671    .text               startup_stm32f103xb.o
    0x08000124   0x08000124   0x00000024   Code   RO          800    .text               mc_w.l(memseta.o)
    0x08000148   0x08000148   0x00000024   Code   RO          822    .text               mc_w.l(init.o)
    0x0800016c   0x0800016c   0x00000056   Code   RO          828    .text               mc_w.l(__dczerorl2.o)
    0x080001c2   0x080001c2   0x00000002   Code   RO          131    .text.BusFault_Handler  stm32f1xx_it.o
    0x080001c4   0x080001c4   0x00000004   Code   RO          115    .text.CDC_Control_FS  usbd_cdc_if.o
    0x080001c8   0x080001c8   0x00000004   Code   RO          113    .text.CDC_DeInit_FS  usbd_cdc_if.o
    0x080001cc   0x080001cc   0x00000024   Code   RO          111    .text.CDC_Init_FS   usbd_cdc_if.o
    0x080001f0   0x080001f0   0x0000001c   Code   RO          117    .text.CDC_Receive_FS  usbd_cdc_if.o
    0x0800020c   0x0800020c   0x00000002   Code   RO          137    .text.DebugMon_Handler  stm32f1xx_it.o
    0x0800020e   0x0800020e   0x00000002   PAD
    0x08000210   0x08000210   0x00000088   Code   RO          147    .text.EXTI15_10_IRQHandler  stm32f1xx_it.o
    0x08000298   0x08000298   0x00000002   Code   RO            6    .text.Error_Handler  main.o
    0x0800029a   0x0800029a   0x00000002   PAD
    0x0800029c   0x0800029c   0x00000008   Code   RO          392    .text.HAL_GetTick   stm32f1xx_hal.o
    0x080002a4   0x080002a4   0x00000014   Code   RO          390    .text.HAL_IncTick   stm32f1xx_hal.o
    0x080002b8   0x080002b8   0x00000024   Code   RO          380    .text.HAL_Init      stm32f1xx_hal.o
    0x080002dc   0x080002dc   0x00000040   Code   RO          382    .text.HAL_InitTick  stm32f1xx_hal.o
    0x0800031c   0x0800031c   0x00000040   Code   RO          151    .text.HAL_MspInit   stm32f1xx_hal_msp.o
    0x0800035c   0x0800035c   0x00000018   Code   RO          515    .text.HAL_NVIC_EnableIRQ  stm32f1xx_hal_cortex.o
    0x08000374   0x08000374   0x0000003c   Code   RO          511    .text.HAL_NVIC_SetPriority  stm32f1xx_hal_cortex.o
    0x080003b0   0x080003b0   0x00000020   Code   RO          509    .text.HAL_NVIC_SetPriorityGrouping  stm32f1xx_hal_cortex.o
    0x080003d0   0x080003d0   0x00000032   Code   RO          280    .text.HAL_PCDEx_PMAConfig  stm32f1xx_hal_pcd_ex.o
    0x08000402   0x08000402   0x00000002   Code   RO           84    .text.HAL_PCDEx_SetConnectionState  usbd_conf.o
    0x08000404   0x08000404   0x0000000e   Code   RO           30    .text.HAL_PCD_DataInStageCallback  usbd_conf.o
    0x08000412   0x08000412   0x00000010   Code   RO           28    .text.HAL_PCD_DataOutStageCallback  usbd_conf.o
    0x08000422   0x08000422   0x00000044   Code   RO          259    .text.HAL_PCD_EP_Close  stm32f1xx_hal_pcd.o
    0x08000466   0x08000466   0x0000004a   Code   RO          269    .text.HAL_PCD_EP_ClrStall  stm32f1xx_hal_pcd.o
    0x080004b0   0x080004b0   0x0000000e   Code   RO          263    .text.HAL_PCD_EP_GetRxCount  stm32f1xx_hal_pcd.o
    0x080004be   0x080004be   0x00000046   Code   RO          257    .text.HAL_PCD_EP_Open  stm32f1xx_hal_pcd.o
    0x08000504   0x08000504   0x0000002c   Code   RO          261    .text.HAL_PCD_EP_Receive  stm32f1xx_hal_pcd.o
    0x08000530   0x08000530   0x00000052   Code   RO          267    .text.HAL_PCD_EP_SetStall  stm32f1xx_hal_pcd.o
    0x08000582   0x08000582   0x00000028   Code   RO          265    .text.HAL_PCD_EP_Transmit  stm32f1xx_hal_pcd.o
    0x080005aa   0x080005aa   0x00000476   Code   RO          227    .text.HAL_PCD_IRQHandler  stm32f1xx_hal_pcd.o
    0x08000a20   0x08000a20   0x000000ce   Code   RO          215    .text.HAL_PCD_Init  stm32f1xx_hal_pcd.o
    0x08000aee   0x08000aee   0x00000002   PAD
    0x08000af0   0x08000af0   0x0000003c   Code   RO           22    .text.HAL_PCD_MspInit  usbd_conf.o
    0x08000b2c   0x08000b2c   0x00000024   Code   RO           34    .text.HAL_PCD_ResetCallback  usbd_conf.o
    0x08000b50   0x08000b50   0x00000008   Code   RO           38    .text.HAL_PCD_ResumeCallback  usbd_conf.o
    0x08000b58   0x08000b58   0x00000008   Code   RO           32    .text.HAL_PCD_SOFCallback  usbd_conf.o
    0x08000b60   0x08000b60   0x00000028   Code   RO          231    .text.HAL_PCD_SetAddress  stm32f1xx_hal_pcd.o
    0x08000b88   0x08000b88   0x0000000e   Code   RO           26    .text.HAL_PCD_SetupStageCallback  usbd_conf.o
    0x08000b96   0x08000b96   0x00000032   Code   RO          225    .text.HAL_PCD_Start  stm32f1xx_hal_pcd.o
    0x08000bc8   0x08000bc8   0x00000020   Code   RO           36    .text.HAL_PCD_SuspendCallback  usbd_conf.o
    0x08000be8   0x08000be8   0x000000f0   Code   RO          458    .text.HAL_RCCEx_PeriphCLKConfig  stm32f1xx_hal_rcc_ex.o
    0x08000cd8   0x08000cd8   0x00000158   Code   RO          433    .text.HAL_RCC_ClockConfig  stm32f1xx_hal_rcc.o
    0x08000e30   0x08000e30   0x00000058   Code   RO          435    .text.HAL_RCC_GetSysClockFreq  stm32f1xx_hal_rcc.o
    0x08000e88   0x08000e88   0x000002fc   Code   RO          431    .text.HAL_RCC_OscConfig  stm32f1xx_hal_rcc.o
    0x08001184   0x08001184   0x00000014   Code   RO          537    .text.HAL_SYSTICK_CLKSourceConfig  stm32f1xx_hal_cortex.o
    0x08001198   0x08001198   0x00000028   Code   RO          523    .text.HAL_SYSTICK_Config  stm32f1xx_hal_cortex.o
    0x080011c0   0x080011c0   0x00000002   Code   RO          127    .text.HardFault_Handler  stm32f1xx_it.o
    0x080011c2   0x080011c2   0x00000002   PAD
    0x080011c4   0x080011c4   0x00000020   Code   RO          154    .text.IIC_Start     oled.o
    0x080011e4   0x080011e4   0x00000028   Code   RO          156    .text.IIC_Stop      oled.o
    0x0800120c   0x0800120c   0x00000036   Code   RO          103    .text.IntToUnicode  usbd_desc.o
    0x08001242   0x08001242   0x00000002   PAD
    0x08001244   0x08001244   0x0000001c   Code   RO           10    .text.LL_APB2_GRP1_EnableClock  main.o
    0x08001260   0x08001260   0x0000008c   Code   RO          664    .text.LL_EXTI_Init  stm32f1xx_ll_exti.o
    0x080012ec   0x080012ec   0x0000002c   Code   RO           12    .text.LL_GPIO_AF_SetEXTISource  main.o
    0x08001318   0x08001318   0x000000ec   Code   RO          210    .text.LL_GPIO_Init  stm32f1xx_ll_gpio.o
    0x08001404   0x08001404   0x00000038   Code   RO           14    .text.LL_GPIO_SetPinMode  main.o
    0x0800143c   0x0800143c   0x00000058   Code   RO          350    .text.LL_TIM_Init   stm32f1xx_ll_tim.o
    0x08001494   0x08001494   0x00000054   Code   RO           18    .text.MX_USB_DEVICE_Init  usb_device.o
    0x080014e8   0x080014e8   0x00000002   Code   RO          129    .text.MemManage_Handler  stm32f1xx_it.o
    0x080014ea   0x080014ea   0x00000002   Code   RO          125    .text.NMI_Handler   stm32f1xx_it.o
    0x080014ec   0x080014ec   0x00000024   Code   RO            8    .text.NVIC_EncodePriority  main.o
    0x08001510   0x08001510   0x00000024   Code   RO          513    .text.NVIC_SetPriority  stm32f1xx_hal_cortex.o
    0x08001534   0x08001534   0x00000038   Code   RO          166    .text.OLED_Fill     oled.o
    0x0800156c   0x0800156c   0x00000088   Code   RO          174    .text.OLED_Init     oled.o
    0x080015f4   0x080015f4   0x00000070   Code   RO          176    .text.OLED_P6x8Str  oled.o
    0x08001664   0x08001664   0x000000a4   Code   RO          178    .text.OLED_P8x16Str  oled.o
    0x08001708   0x08001708   0x00000028   Code   RO          164    .text.OLED_Set_Pos  oled.o
    0x08001730   0x08001730   0x00000020   Code   RO          162    .text.OLED_WrCmd    oled.o
    0x08001750   0x08001750   0x00000024   Code   RO          160    .text.OLED_WrDat    oled.o
    0x08001774   0x08001774   0x000000c6   Code   RO          186    .text.Oled_Printf_U16  oled.o
    0x0800183a   0x0800183a   0x00000002   Code   RO          139    .text.PendSV_Handler  stm32f1xx_it.o
    0x0800183c   0x0800183c   0x00000002   Code   RO          135    .text.SVC_Handler   stm32f1xx_it.o
    0x0800183e   0x0800183e   0x00000004   Code   RO          141    .text.SysTick_Handler  stm32f1xx_it.o
    0x08001842   0x08001842   0x0000005a   Code   RO            4    .text.SystemClock_Config  main.o
    0x0800189c   0x0800189c   0x0000004c   Code   RO          673    .text.SystemInit    system_stm32f1xx.o
    0x080018e8   0x080018e8   0x00000002   Code   RO          145    .text.TIM2_IRQHandler  stm32f1xx_it.o
    0x080018ea   0x080018ea   0x00000012   Code   RO          768    .text.USBD_CDC_DataIn  usbd_cdc.o
    0x080018fc   0x080018fc   0x0000002e   Code   RO          770    .text.USBD_CDC_DataOut  usbd_cdc.o
    0x0800192a   0x0800192a   0x00000002   PAD
    0x0800192c   0x0800192c   0x0000003c   Code   RO          762    .text.USBD_CDC_DeInit  usbd_cdc.o
    0x08001968   0x08001968   0x00000028   Code   RO          766    .text.USBD_CDC_EP0_RxReady  usbd_cdc.o
    0x08001990   0x08001990   0x0000000c   Code   RO          778    .text.USBD_CDC_GetDeviceQualifierDescriptor  usbd_cdc.o
    0x0800199c   0x0800199c   0x0000000c   Code   RO          774    .text.USBD_CDC_GetFSCfgDesc  usbd_cdc.o
    0x080019a8   0x080019a8   0x0000000c   Code   RO          772    .text.USBD_CDC_GetHSCfgDesc  usbd_cdc.o
    0x080019b4   0x080019b4   0x0000000c   Code   RO          776    .text.USBD_CDC_GetOtherSpeedCfgDesc  usbd_cdc.o
    0x080019c0   0x080019c0   0x0000008a   Code   RO          760    .text.USBD_CDC_Init  usbd_cdc.o
    0x08001a4a   0x08001a4a   0x00000028   Code   RO          788    .text.USBD_CDC_ReceivePacket  usbd_cdc.o
    0x08001a72   0x08001a72   0x0000000e   Code   RO          780    .text.USBD_CDC_RegisterInterface  usbd_cdc.o
    0x08001a80   0x08001a80   0x0000000c   Code   RO          784    .text.USBD_CDC_SetRxBuffer  usbd_cdc.o
    0x08001a8c   0x08001a8c   0x00000010   Code   RO          782    .text.USBD_CDC_SetTxBuffer  usbd_cdc.o
    0x08001a9c   0x08001a9c   0x00000070   Code   RO          764    .text.USBD_CDC_Setup  usbd_cdc.o
    0x08001b0c   0x08001b0c   0x0000000e   Code   RO          704    .text.USBD_ClrClassConfig  usbd_core.o
    0x08001b1a   0x08001b1a   0x00000010   Code   RO          751    .text.USBD_CtlContinueRx  usbd_ioreq.o
    0x08001b2a   0x08001b2a   0x00000010   Code   RO          747    .text.USBD_CtlContinueSendData  usbd_ioreq.o
    0x08001b3a   0x08001b3a   0x00000016   Code   RO          733    .text.USBD_CtlError  usbd_ctlreq.o
    0x08001b50   0x08001b50   0x0000001a   Code   RO          749    .text.USBD_CtlPrepareRx  usbd_ioreq.o
    0x08001b6a   0x08001b6a   0x00000016   Code   RO          755    .text.USBD_CtlReceiveStatus  usbd_ioreq.o
    0x08001b80   0x08001b80   0x0000001a   Code   RO          745    .text.USBD_CtlSendData  usbd_ioreq.o
    0x08001b9a   0x08001b9a   0x00000016   Code   RO          753    .text.USBD_CtlSendStatus  usbd_ioreq.o
    0x08001bb0   0x08001bb0   0x00000020   Code   RO           99    .text.USBD_FS_ConfigStrDescriptor  usbd_desc.o
    0x08001bd0   0x08001bd0   0x0000000c   Code   RO           89    .text.USBD_FS_DeviceDescriptor  usbd_desc.o
    0x08001bdc   0x08001bdc   0x00000024   Code   RO          101    .text.USBD_FS_InterfaceStrDescriptor  usbd_desc.o
    0x08001c00   0x08001c00   0x0000000c   Code   RO           91    .text.USBD_FS_LangIDStrDescriptor  usbd_desc.o
    0x08001c0c   0x08001c0c   0x00000028   Code   RO           93    .text.USBD_FS_ManufacturerStrDescriptor  usbd_desc.o
    0x08001c34   0x08001c34   0x00000030   Code   RO           95    .text.USBD_FS_ProductStrDescriptor  usbd_desc.o
    0x08001c64   0x08001c64   0x00000038   Code   RO           97    .text.USBD_FS_SerialStrDescriptor  usbd_desc.o
    0x08001c9c   0x08001c9c   0x0000005c   Code   RO          741    .text.USBD_GetString  usbd_ctlreq.o
    0x08001cf8   0x08001cf8   0x00000018   Code   RO           52    .text.USBD_Get_USB_Status  usbd_conf.o
    0x08001d10   0x08001d10   0x0000002a   Code   RO          690    .text.USBD_Init     usbd_core.o
    0x08001d3a   0x08001d3a   0x00000012   Code   RO           66    .text.USBD_LL_ClearStallEP  usbd_conf.o
    0x08001d4c   0x08001d4c   0x00000012   Code   RO           60    .text.USBD_LL_CloseEP  usbd_conf.o
    0x08001d5e   0x08001d5e   0x000000a2   Code   RO          710    .text.USBD_LL_DataInStage  usbd_core.o
    0x08001e00   0x08001e00   0x00000064   Code   RO          708    .text.USBD_LL_DataOutStage  usbd_core.o
    0x08001e64   0x08001e64   0x0000000c   Code   RO           76    .text.USBD_LL_GetRxDataSize  usbd_conf.o
    0x08001e70   0x08001e70   0x00000080   Code   RO           48    .text.USBD_LL_Init  usbd_conf.o
    0x08001ef0   0x08001ef0   0x0000001c   Code   RO           68    .text.USBD_LL_IsStallEP  usbd_conf.o
    0x08001f0c   0x08001f0c   0x00000018   Code   RO           58    .text.USBD_LL_OpenEP  usbd_conf.o
    0x08001f24   0x08001f24   0x00000012   Code   RO           74    .text.USBD_LL_PrepareReceive  usbd_conf.o
    0x08001f36   0x08001f36   0x0000003e   Code   RO          712    .text.USBD_LL_Reset  usbd_core.o
    0x08001f74   0x08001f74   0x0000000c   Code   RO          718    .text.USBD_LL_Resume  usbd_core.o
    0x08001f80   0x08001f80   0x0000001c   Code   RO          720    .text.USBD_LL_SOF   usbd_core.o
    0x08001f9c   0x08001f9c   0x00000006   Code   RO          714    .text.USBD_LL_SetSpeed  usbd_core.o
    0x08001fa2   0x08001fa2   0x00000012   Code   RO           70    .text.USBD_LL_SetUSBAddress  usbd_conf.o
    0x08001fb4   0x08001fb4   0x00000056   Code   RO          706    .text.USBD_LL_SetupStage  usbd_core.o
    0x0800200a   0x0800200a   0x00000012   Code   RO           64    .text.USBD_LL_StallEP  usbd_conf.o
    0x0800201c   0x0800201c   0x00000012   Code   RO           54    .text.USBD_LL_Start  usbd_conf.o
    0x0800202e   0x0800202e   0x00000012   Code   RO          716    .text.USBD_LL_Suspend  usbd_core.o
    0x08002040   0x08002040   0x00000012   Code   RO           72    .text.USBD_LL_Transmit  usbd_conf.o
    0x08002052   0x08002052   0x00000016   Code   RO          739    .text.USBD_ParseSetupRequest  usbd_ctlreq.o
    0x08002068   0x08002068   0x0000000e   Code   RO          694    .text.USBD_RegisterClass  usbd_core.o
    0x08002076   0x08002076   0x0000001a   Code   RO          702    .text.USBD_SetClassConfig  usbd_core.o
    0x08002090   0x08002090   0x0000000a   Code   RO          696    .text.USBD_Start    usbd_core.o
    0x0800209a   0x0800209a   0x00000002   PAD
    0x0800209c   0x0800209c   0x00000230   Code   RO          731    .text.USBD_StdDevReq  usbd_ctlreq.o
    0x080022cc   0x080022cc   0x000000d2   Code   RO          737    .text.USBD_StdEPReq  usbd_ctlreq.o
    0x0800239e   0x0800239e   0x0000003a   Code   RO          735    .text.USBD_StdItfReq  usbd_ctlreq.o
    0x080023d8   0x080023d8   0x00000002   Code   RO           82    .text.USBD_static_free  usbd_conf.o
    0x080023da   0x080023da   0x00000002   PAD
    0x080023dc   0x080023dc   0x00000008   Code   RO           80    .text.USBD_static_malloc  usbd_conf.o
    0x080023e4   0x080023e4   0x00000212   Code   RO          299    .text.USB_ActivateEndpoint  stm32f1xx_ll_usb.o
    0x080025f6   0x080025f6   0x00000004   Code   RO          285    .text.USB_CoreInit  stm32f1xx_ll_usb.o
    0x080025fa   0x080025fa   0x000000ee   Code   RO          301    .text.USB_DeactivateEndpoint  stm32f1xx_ll_usb.o
    0x080026e8   0x080026e8   0x00000004   Code   RO          319    .text.USB_DevConnect  stm32f1xx_ll_usb.o
    0x080026ec   0x080026ec   0x00000004   Code   RO          321    .text.USB_DevDisconnect  stm32f1xx_ll_usb.o
    0x080026f0   0x080026f0   0x00000024   Code   RO          293    .text.USB_DevInit   stm32f1xx_ll_usb.o
    0x08002714   0x08002714   0x00000012   Code   RO          289    .text.USB_DisableGlobalInt  stm32f1xx_ll_usb.o
    0x08002726   0x08002726   0x00000004   Code   RO          335    .text.USB_EP0_OutStart  stm32f1xx_ll_usb.o
    0x0800272a   0x0800272a   0x0000006a   Code   RO          313    .text.USB_EPClearStall  stm32f1xx_ll_usb.o
    0x08002794   0x08002794   0x0000004c   Code   RO          311    .text.USB_EPSetStall  stm32f1xx_ll_usb.o
    0x080027e0   0x080027e0   0x00000164   Code   RO          303    .text.USB_EPStartXfer  stm32f1xx_ll_usb.o
    0x08002944   0x08002944   0x00000010   Code   RO          287    .text.USB_EnableGlobalInt  stm32f1xx_ll_usb.o
    0x08002954   0x08002954   0x0000000c   Code   RO          143    .text.USB_LP_CAN1_RX0_IRQHandler  stm32f1xx_it.o
    0x08002960   0x08002960   0x00000006   Code   RO          323    .text.USB_ReadInterrupts  stm32f1xx_ll_usb.o
    0x08002966   0x08002966   0x00000022   Code   RO          341    .text.USB_ReadPMA   stm32f1xx_ll_usb.o
    0x08002988   0x08002988   0x00000004   Code   RO          291    .text.USB_SetCurrentMode  stm32f1xx_ll_usb.o
    0x0800298c   0x0800298c   0x0000000c   Code   RO          317    .text.USB_SetDevAddress  stm32f1xx_ll_usb.o
    0x08002998   0x08002998   0x00000024   Code   RO          305    .text.USB_WritePMA  stm32f1xx_ll_usb.o
    0x080029bc   0x080029bc   0x00000002   Code   RO          133    .text.UsageFault_Handler  stm32f1xx_it.o
    0x080029be   0x080029be   0x00000002   PAD
    0x080029c0   0x080029c0   0x0000005c   Code   RO          158    .text.Write_IIC_Byte  oled.o
    0x08002a1c   0x08002a1c   0x00000010   Code   RO          681    .text.delay_init    delay.o
    0x08002a2c   0x08002a2c   0x00000016   Code   RO          685    .text.delay_ms      delay.o
    0x08002a42   0x08002a42   0x00000002   PAD
    0x08002a44   0x08002a44   0x00000038   Code   RO          683    .text.delay_us      delay.o
    0x08002a7c   0x08002a7c   0x0000021c   Code   RO            2    .text.main          main.o
    0x08002c98   0x08002c98   0x0000000e   Code   RO          825    i.__scatterload_copy  mc_w.l(handlers.o)
    0x08002ca6   0x08002ca6   0x00000002   Code   RO          826    i.__scatterload_null  mc_w.l(handlers.o)
    0x08002ca8   0x08002ca8   0x0000000e   Code   RO          827    i.__scatterload_zeroinit  mc_w.l(handlers.o)
    0x08002cb6   0x08002cb6   0x00000010   Data   RO          678    .rodata.AHBPrescTable  system_stm32f1xx.o
    0x08002cc6   0x08002cc6   0x00000228   Data   RO          193    .rodata.F6x8        oled.o
    0x08002eee   0x08002eee   0x000005f0   Data   RO          194    .rodata.F8X16       oled.o
    0x080034de   0x080034de   0x00000002   PAD
    0x080034e0   0x080034e0   0x00000020   Data   RO          824    Region$$Table       anon$$obj.o


    Execution Region RW_IRAM1 (Exec base: 0x20000000, Load base: 0x08003500, Size: 0x00001c28, Max: 0x00005000, ABSOLUTE, COMPRESSED[0x000000c8])

    Exec Addr    Load Addr    Size         Type   Attr      Idx    E Section Name        Object

    0x20000000   COMPRESSED   0x00000008   Data   RW          427    .data..L_MergedGlobals  stm32f1xx_hal.o
    0x20000008   COMPRESSED   0x0000001c   Data   RW          105    .data.FS_Desc       usbd_desc.o
    0x20000024   COMPRESSED   0x00000004   Data   RW          677    .data.SystemCoreClock  system_stm32f1xx.o
    0x20000028   COMPRESSED   0x00000038   Data   RW          790    .data.USBD_CDC      usbd_cdc.o
    0x20000060   COMPRESSED   0x00000043   Data   RW          792    .data.USBD_CDC_CfgFSDesc  usbd_cdc.o
    0x200000a3   COMPRESSED   0x00000001   PAD
    0x200000a4   COMPRESSED   0x00000043   Data   RW          791    .data.USBD_CDC_CfgHSDesc  usbd_cdc.o
    0x200000e7   COMPRESSED   0x00000001   PAD
    0x200000e8   COMPRESSED   0x0000000a   Data   RW          794    .data.USBD_CDC_DeviceQualifierDesc  usbd_cdc.o
    0x200000f2   COMPRESSED   0x00000002   PAD
    0x200000f4   COMPRESSED   0x00000043   Data   RW          793    .data.USBD_CDC_OtherSpeedCfgDesc  usbd_cdc.o
    0x20000137   COMPRESSED   0x00000001   PAD
    0x20000138   COMPRESSED   0x00000012   Data   RW          106    .data.USBD_FS_DeviceDesc  usbd_desc.o
    0x2000014a   COMPRESSED   0x00000002   PAD
    0x2000014c   COMPRESSED   0x00000010   Data   RW          121    .data.USBD_Interface_fops_FS  usbd_cdc_if.o
    0x2000015c   COMPRESSED   0x00000004   Data   RW          107    .data.USBD_LangIDDesc  usbd_desc.o
    0x20000160   COMPRESSED   0x0000001a   Data   RW          108    .data.USBD_StringSerial  usbd_desc.o
    0x2000017a   COMPRESSED   0x00000006   PAD
    0x20000180        -       0x00000024   Zero   RW          149    .bss..L_MergedGlobals  stm32f1xx_it.o
    0x200001a4        -       0x00000001   Zero   RW          795    .bss.USBD_CDC_Setup.ifalt  usbd_cdc.o
    0x200001a5        -       0x00000001   Zero   RW          743    .bss.USBD_SetConfig.cfgidx  usbd_ctlreq.o
    0x200001a6   COMPRESSED   0x00000002   PAD
    0x200001a8        -       0x00000200   Zero   RW          109    .bss.USBD_StrDesc   usbd_desc.o
    0x200003a8        -       0x00000220   Zero   RW           87    .bss.USBD_static_malloc.mem  usbd_conf.o
    0x200005c8        -       0x000003e8   Zero   RW          122    .bss.UserRxBufferFS  usbd_cdc_if.o
    0x200009b0        -       0x000003e8   Zero   RW          123    .bss.UserTxBufferFS  usbd_cdc_if.o
    0x20000d98        -       0x00000004   Zero   RW          687    .bss.fac_us         delay.o
    0x20000d9c        -       0x00000224   Zero   RW           20    .bss.hUsbDeviceFS   usb_device.o
    0x20000fc0        -       0x00000460   Zero   RW           86    .bss.hpcd_USB_FS    usbd_conf.o
    0x20001420        -       0x00000004   Zero   RW          426    .bss.uwTick         stm32f1xx_hal.o
    0x20001424   COMPRESSED   0x00000004   PAD
    0x20001428        -       0x00000800   Zero   RW          668    STACK               startup_stm32f103xb.o


==============================================================================

Image component sizes


      Code (inc. data)   RO Data    RW Data    ZI Data      Debug   Object Name

        94          8          0          0          4          0   delay.o
       796         72          0          0          0          0   main.o
       938         32       2072          0          0          0   oled.o
        36          8        236          0       2048          0   startup_stm32f103xb.o
       128         16          0          8          4          0   stm32f1xx_hal.o
       212         28          0          0          0          0   stm32f1xx_hal_cortex.o
        64          8          0          0          0          0   stm32f1xx_hal_msp.o
      1830          0          0          0          0          0   stm32f1xx_hal_pcd.o
        50          0          0          0          0          0   stm32f1xx_hal_pcd_ex.o
      1196         56          0          0          0          0   stm32f1xx_hal_rcc.o
       240          8          0          0          0          0   stm32f1xx_hal_rcc_ex.o
       170         16          0          0         36          0   stm32f1xx_it.o
       140          8          0          0          0          0   stm32f1xx_ll_exti.o
       236          0          0          0          0          0   stm32f1xx_ll_gpio.o
        88         12          0          0          0          0   stm32f1xx_ll_tim.o
      1484         12          0          0          0          0   stm32f1xx_ll_usb.o
        76         16         16          4          0          0   system_stm32f1xx.o
        84         16          0          0        548          0   usb_device.o
       544         24          0        267          1          0   usbd_cdc.o
        72         12          0         16       2000          0   usbd_cdc_if.o
       542         32          0          0       1664          0   usbd_conf.o
       580          0          0          0          0          0   usbd_core.o
       964         28          0          0          1          0   usbd_ctlreq.o
       290         92          0         76        512          0   usbd_desc.o
       128          0          0          0          0          0   usbd_ioreq.o

    ----------------------------------------------------------------------
     11002        504       2358        380       6828          0   Object Totals
         0          0         32          0          0          0   (incl. Generated)
        20          0          2          9         10          0   (incl. Padding)

    ----------------------------------------------------------------------

      Code (inc. data)   RO Data    RW Data    ZI Data      Debug   Library Member Name

        86          0          0          0          0          0   __dczerorl2.o
         0          0          0          0          0          0   entry.o
         0          0          0          0          0          0   entry10a.o
         0          0          0          0          0          0   entry11a.o
         8          4          0          0          0          0   entry2.o
         4          0          0          0          0          0   entry5.o
         0          0          0          0          0          0   entry7b.o
         0          0          0          0          0          0   entry8b.o
         8          4          0          0          0          0   entry9a.o
        30          0          0          0          0          0   handlers.o
        36          8          0          0          0          0   init.o
        36          0          0          0          0          0   memseta.o

    ----------------------------------------------------------------------
       208         16          0          0          0          0   Library Totals
         0          0          0          0          0          0   (incl. Padding)

    ----------------------------------------------------------------------

      Code (inc. data)   RO Data    RW Data    ZI Data      Debug   Library Name

       208         16          0          0          0          0   mc_w.l

    ----------------------------------------------------------------------
       208         16          0          0          0          0   Library Totals

    ----------------------------------------------------------------------

==============================================================================


      Code (inc. data)   RO Data    RW Data    ZI Data      Debug   

     11210        520       2358        380       6828          0   Grand Totals
     11210        520       2358        200       6828          0   ELF Image Totals (compressed)
     11210        520       2358        200          0          0   ROM Totals

==============================================================================

    Total RO  Size (Code + RO Data)                13568 (  13.25kB)
    Total RW  Size (RW Data + ZI Data)              7208 (   7.04kB)
    Total ROM Size (Code + RO Data + RW Data)      13768 (  13.45kB)

==============================================================================

